Component: ARM Compiler 5.06 update 5 (build 528) Tool: armlink [4d35e2]

==============================================================================

Section Cross References

    startup_stm32f10x_md.o(STACK) refers (Special) to heapauxi.o(.text) for __use_two_region_memory
    startup_stm32f10x_md.o(HEAP) refers (Special) to heapauxi.o(.text) for __use_two_region_memory
    startup_stm32f10x_md.o(RESET) refers (Special) to heapauxi.o(.text) for __use_two_region_memory
    startup_stm32f10x_md.o(RESET) refers to startup_stm32f10x_md.o(STACK) for __initial_sp
    startup_stm32f10x_md.o(RESET) refers to startup_stm32f10x_md.o(.text) for Reset_Handler
    startup_stm32f10x_md.o(RESET) refers to stm32f10x_it.o(i.NMI_Handler) for NMI_Handler
    startup_stm32f10x_md.o(RESET) refers to stm32f10x_it.o(i.HardFault_Handler) for HardFault_Handler
    startup_stm32f10x_md.o(RESET) refers to stm32f10x_it.o(i.MemManage_Handler) for MemManage_Handler
    startup_stm32f10x_md.o(RESET) refers to stm32f10x_it.o(i.BusFault_Handler) for BusFault_Handler
    startup_stm32f10x_md.o(RESET) refers to stm32f10x_it.o(i.UsageFault_Handler) for UsageFault_Handler
    startup_stm32f10x_md.o(RESET) refers to stm32f10x_it.o(i.SVC_Handler) for SVC_Handler
    startup_stm32f10x_md.o(RESET) refers to stm32f10x_it.o(i.DebugMon_Handler) for DebugMon_Handler
    startup_stm32f10x_md.o(RESET) refers to stm32f10x_it.o(i.PendSV_Handler) for PendSV_Handler
    startup_stm32f10x_md.o(RESET) refers to stm32f10x_it.o(i.SysTick_Handler) for SysTick_Handler
    startup_stm32f10x_md.o(RESET) refers to main.o(i.TIM1_UP_IRQHandler) for TIM1_UP_IRQHandler
    startup_stm32f10x_md.o(RESET) refers to serial.o(i.USART1_IRQHandler) for USART1_IRQHandler
    startup_stm32f10x_md.o(RESET) refers to blueserial.o(i.USART2_IRQHandler) for USART2_IRQHandler
    startup_stm32f10x_md.o(.text) refers (Special) to heapauxi.o(.text) for __use_two_region_memory
    startup_stm32f10x_md.o(.text) refers to system_stm32f10x.o(i.SystemInit) for SystemInit
    startup_stm32f10x_md.o(.text) refers to __main.o(!!!main) for __main
    startup_stm32f10x_md.o(.text) refers to startup_stm32f10x_md.o(HEAP) for Heap_Mem
    startup_stm32f10x_md.o(.text) refers to startup_stm32f10x_md.o(STACK) for Stack_Mem
    system_stm32f10x.o(i.SetSysClock) refers to system_stm32f10x.o(i.SetSysClockTo72) for SetSysClockTo72
    system_stm32f10x.o(i.SystemCoreClockUpdate) refers to system_stm32f10x.o(.data) for SystemCoreClock
    system_stm32f10x.o(i.SystemInit) refers to system_stm32f10x.o(i.SetSysClock) for SetSysClock
    stm32f10x_adc.o(i.ADC_DeInit) refers to stm32f10x_rcc.o(i.RCC_APB2PeriphResetCmd) for RCC_APB2PeriphResetCmd
    stm32f10x_bkp.o(i.BKP_DeInit) refers to stm32f10x_rcc.o(i.RCC_BackupResetCmd) for RCC_BackupResetCmd
    stm32f10x_can.o(i.CAN_DeInit) refers to stm32f10x_rcc.o(i.RCC_APB1PeriphResetCmd) for RCC_APB1PeriphResetCmd
    stm32f10x_can.o(i.CAN_GetITStatus) refers to stm32f10x_can.o(i.CheckITStatus) for CheckITStatus
    stm32f10x_cec.o(i.CEC_DeInit) refers to stm32f10x_rcc.o(i.RCC_APB1PeriphResetCmd) for RCC_APB1PeriphResetCmd
    stm32f10x_dac.o(i.DAC_DeInit) refers to stm32f10x_rcc.o(i.RCC_APB1PeriphResetCmd) for RCC_APB1PeriphResetCmd
    stm32f10x_flash.o(i.FLASH_EnableWriteProtection) refers to stm32f10x_flash.o(i.FLASH_WaitForLastOperation) for FLASH_WaitForLastOperation
    stm32f10x_flash.o(i.FLASH_EraseAllBank1Pages) refers to stm32f10x_flash.o(i.FLASH_WaitForLastBank1Operation) for FLASH_WaitForLastBank1Operation
    stm32f10x_flash.o(i.FLASH_EraseAllPages) refers to stm32f10x_flash.o(i.FLASH_WaitForLastOperation) for FLASH_WaitForLastOperation
    stm32f10x_flash.o(i.FLASH_EraseOptionBytes) refers to stm32f10x_flash.o(i.FLASH_GetReadOutProtectionStatus) for FLASH_GetReadOutProtectionStatus
    stm32f10x_flash.o(i.FLASH_EraseOptionBytes) refers to stm32f10x_flash.o(i.FLASH_WaitForLastOperation) for FLASH_WaitForLastOperation
    stm32f10x_flash.o(i.FLASH_ErasePage) refers to stm32f10x_flash.o(i.FLASH_WaitForLastOperation) for FLASH_WaitForLastOperation
    stm32f10x_flash.o(i.FLASH_ProgramHalfWord) refers to stm32f10x_flash.o(i.FLASH_WaitForLastOperation) for FLASH_WaitForLastOperation
    stm32f10x_flash.o(i.FLASH_ProgramOptionByteData) refers to stm32f10x_flash.o(i.FLASH_WaitForLastOperation) for FLASH_WaitForLastOperation
    stm32f10x_flash.o(i.FLASH_ProgramWord) refers to stm32f10x_flash.o(i.FLASH_WaitForLastOperation) for FLASH_WaitForLastOperation
    stm32f10x_flash.o(i.FLASH_ReadOutProtection) refers to stm32f10x_flash.o(i.FLASH_WaitForLastOperation) for FLASH_WaitForLastOperation
    stm32f10x_flash.o(i.FLASH_UserOptionByteConfig) refers to stm32f10x_flash.o(i.FLASH_WaitForLastOperation) for FLASH_WaitForLastOperation
    stm32f10x_flash.o(i.FLASH_WaitForLastBank1Operation) refers to stm32f10x_flash.o(i.FLASH_GetBank1Status) for FLASH_GetBank1Status
[...]
    _printf_g                                0x08000179   Thumb Code     0  _printf_g.o(.ARM.Collect$$_printf_percent$$00000005)
    _printf_a                                0x0800017f   Thumb Code     0  _printf_a.o(.ARM.Collect$$_printf_percent$$00000006)
    _printf_ll                               0x08000185   Thumb Code     0  _printf_ll.o(.ARM.Collect$$_printf_percent$$00000007)
    _printf_i                                0x0800018f   Thumb Code     0  _printf_i.o(.ARM.Collect$$_printf_percent$$00000008)
    _printf_d                                0x08000195   Thumb Code     0  _printf_d.o(.ARM.Collect$$_printf_percent$$00000009)
    _printf_u                                0x0800019b   Thumb Code     0  _printf_u.o(.ARM.Collect$$_printf_percent$$0000000A)
    _printf_o                                0x080001a1   Thumb Code     0  _printf_o.o(.ARM.Collect$$_printf_percent$$0000000B)
    _printf_x                                0x080001a7   Thumb Code     0  _printf_x.o(.ARM.Collect$$_printf_percent$$0000000C)
    _printf_lli                              0x080001ad   Thumb Code     0  _printf_lli.o(.ARM.Collect$$_printf_percent$$0000000D)
    _printf_lld                              0x080001b3   Thumb Code     0  _printf_lld.o(.ARM.Collect$$_printf_percent$$0000000E)
    _printf_llu                              0x080001b9   Thumb Code     0  _printf_llu.o(.ARM.Collect$$_printf_percent$$0000000F)
    _printf_llo                              0x080001bf   Thumb Code     0  _printf_llo.o(.ARM.Collect$$_printf_percent$$00000010)
    _printf_llx                              0x080001c5   Thumb Code     0  _printf_llx.o(.ARM.Collect$$_printf_percent$$00000011)
    _printf_l                                0x080001cb   Thumb Code     0  _printf_l.o(.ARM.Collect$$_printf_percent$$00000012)
    _printf_c                                0x080001d5   Thumb Code     0  _printf_c.o(.ARM.Collect$$_printf_percent$$00000013)
    _printf_s                                0x080001db   Thumb Code     0  _printf_s.o(.ARM.Collect$$_printf_percent$$00000014)
    _printf_lc                               0x080001e1   Thumb Code     0  _printf_lc.o(.ARM.Collect$$_printf_percent$$00000015)
    _printf_ls                               0x080001e7   Thumb Code     0  _printf_ls.o(.ARM.Collect$$_printf_percent$$00000016)
    _printf_percent_end                      0x080001ed   Thumb Code     0  _printf_percent_end.o(.ARM.Collect$$_printf_percent$$00000017)
    __rt_lib_init                            0x080001f1   Thumb Code     0  libinit.o(.ARM.Collect$$libinit$$00000000)
    __rt_lib_init_fp_1                       0x080001f3   Thumb Code     0  libinit2.o(.ARM.Collect$$libinit$$00000002)
    __rt_lib_init_heap_1                     0x080001f3   Thumb Code     0  libinit2.o(.ARM.Collect$$libinit$$0000000A)
    __rt_lib_init_lc_common                  0x080001f3   Thumb Code     0  libinit2.o(.ARM.Collect$$libinit$$0000000F)
    __rt_lib_init_preinit_1                  0x080001f3   Thumb Code     0  libinit2.o(.ARM.Collect$$libinit$$00000004)
    __rt_lib_init_rand_1                     0x080001f3   Thumb Code     0  libinit2.o(.ARM.Collect$$libinit$$0000000E)
    __rt_lib_init_user_alloc_1               0x080001f3   Thumb Code     0  libinit2.o(.ARM.Collect$$libinit$$0000000C)
    __rt_lib_init_lc_collate_1               0x080001f9   Thumb Code     0  libinit2.o(.ARM.Collect$$libinit$$00000011)
    __rt_lib_init_lc_ctype_2                 0x080001f9   Thumb Code     0  libinit2.o(.ARM.Collect$$libinit$$00000012)
    __rt_lib_init_lc_ctype_1                 0x08000205   Thumb Code     0  libinit2.o(.ARM.Collect$$libinit$$00000013)
    __rt_lib_init_lc_monetary_1              0x08000205   Thumb Code     0  libinit2.o(.ARM.Collect$$libinit$$00000015)
    __rt_lib_init_lc_numeric_2               0x08000205   Thumb Code     0  libinit2.o(.ARM.Collect$$libinit$$00000016)
    __rt_lib_init_alloca_1                   0x0800020f   Thumb Code     0  libinit2.o(.ARM.Collect$$libinit$$0000002E)
    __rt_lib_init_argv_1                     0x0800020f   Thumb Code     0  libinit2.o(.ARM.Collect$$libinit$$0000002C)
    __rt_lib_init_atexit_1                   0x0800020f   Thumb Code     0  libinit2.o(.ARM.Collect$$libinit$$0000001B)
    __rt_lib_init_clock_1                    0x0800020f   Thumb Code     0  libinit2.o(.ARM.Collect$$libinit$$00000021)
    __rt_lib_init_cpp_1                      0x0800020f   Thumb Code     0  libinit2.o(.ARM.Collect$$libinit$$00000032)
    __rt_lib_init_exceptions_1               0x0800020f   Thumb Code     0  libinit2.o(.ARM.Collect$$libinit$$00000030)
    __rt_lib_init_fp_trap_1                  0x0800020f   Thumb Code     0  libinit2.o(.ARM.Collect$$libinit$$0000001F)
    __rt_lib_init_getenv_1                   0x0800020f   Thumb Code     0  libinit2.o(.ARM.Collect$$libinit$$00000023)
    __rt_lib_init_lc_numeric_1               0x0800020f   Thumb Code     0  libinit2.o(.ARM.Collect$$libinit$$00000017)
    __rt_lib_init_lc_time_1                  0x0800020f   Thumb Code     0  libinit2.o(.ARM.Collect$$libinit$$00000019)
    __rt_lib_init_return                     0x0800020f   Thumb Code     0  libinit2.o(.ARM.Collect$$libinit$$00000033)
    __rt_lib_init_signal_1                   0x0800020f   Thumb Code     0  libinit2.o(.ARM.Collect$$libinit$$0000001D)
    __rt_lib_init_stdio_1                    0x0800020f   Thumb Code     0  libinit2.o(.ARM.Collect$$libinit$$00000025)
    __rt_lib_shutdown                        0x08000211   Thumb Code     0  libshutdown.o(.ARM.Collect$$libshutdown$$00000000)
    __rt_lib_shutdown_cpp_1                  0x08000213   Thumb Code     0  libshutdown2.o(.ARM.Collect$$libshutdown$$00000002)
    __rt_lib_shutdown_fp_trap_1              0x08000213   Thumb Code     0  libshutdown2.o(.ARM.Collect$$libshutdown$$00000007)
    __rt_lib_shutdown_heap_1                 0x08000213   Thumb Code     0  libshutdown2.o(.ARM.Collect$$libshutdown$$0000000F)
    __rt_lib_shutdown_return                 0x08000213   Thumb Code     0  libshutdown2.o(.ARM.Collect$$libshutdown$$00000010)
    __rt_lib_shutdown_signal_1               0x08000213   Thumb Code     0  libshutdown2.o(.ARM.Collect$$libshutdown$$0000000A)
    __rt_lib_shutdown_stdio_1                0x08000213   Thumb Code     0  libshutdown2.o(.ARM.Collect$$libshutdown$$00000004)
    __rt_lib_shutdown_user_alloc_1           0x08000213   Thumb Code     0  libshutdown2.o(.ARM.Collect$$libshutdown$$0000000C)
    __rt_entry                               0x08000215   Thumb Code     0  __rtentry.o(.ARM.Collect$$rtentry$$00000000)
    __rt_entry_presh_1                       0x08000215   Thumb Code     0  __rtentry2.o(.ARM.Collect$$rtentry$$00000002)
    __rt_entry_sh                            0x08000215   Thumb Code     0  __rtentry4.o(.ARM.Collect$$rtentry$$00000004)
    __rt_entry_li                            0x0800021b   Thumb Code     0  __rtentry2.o(.ARM.Collect$$rtentry$$0000000A)
    __rt_entry_postsh_1                      0x0800021b   Thumb Code     0  __rtentry2.o(.ARM.Collect$$rtentry$$00000009)
    __rt_entry_main                          0x0800021f   Thumb Code     0  __rtentry2.o(.ARM.Collect$$rtentry$$0000000D)
    __rt_entry_postli_1                      0x0800021f   Thumb Code     0  __rtentry2.o(.ARM.Collect$$rtentry$$0000000C)
    __rt_exit                                0x08000227   Thumb Code     0  rtexit.o(.ARM.Collect$$rtexit$$00000000)
    __rt_exit_ls                             0x08000229   Thumb Code     0  rtexit2.o(.ARM.Collect$$rtexit$$00000003)
    __rt_exit_prels_1                        0x08000229   Thumb Code     0  rtexit2.o(.ARM.Collect$$rtexit$$00000002)
    __rt_exit_exit                           0x0800022d   Thumb Code     0  rtexit2.o(.ARM.Collect$$rtexit$$00000004)
    Reset_Handler                            0x08000235   Thumb Code     8  startup_stm32f10x_md.o(.text)
    ADC1_2_IRQHandler                        0x0800024f   Thumb Code     0  startup_stm32f10x_md.o(.text)
    CAN1_RX1_IRQHandler                      0x0800024f   Thumb Code     0  startup_stm32f10x_md.o(.text)
    CAN1_SCE_IRQHandler                      0x0800024f   Thumb Code     0  startup_stm32f10x_md.o(.text)
    DMA1_Channel1_IRQHandler                 0x0800024f   Thumb Code     0  startup_stm32f10x_md.o(.text)
    DMA1_Channel2_IRQHandler                 0x0800024f   Thumb Code     0  startup_stm32f10x_md.o(.text)
    DMA1_Channel3_IRQHandler                 0x0800024f   Thumb Code     0  startup_stm32f10x_md.o(.text)
    DMA1_Channel4_IRQHandler                 0x0800024f   Thumb Code     0  startup_stm32f10x_md.o(.text)
    DMA1_Channel5_IRQHandler                 0x0800024f   Thumb Code     0  startup_stm32f10x_md.o(.text)
    DMA1_Channel6_IRQHandler                 0x0800024f   Thumb Code     0  startup_stm32f10x_md.o(.text)
    DMA1_Channel7_IRQHandler                 0x0800024f   Thumb Code     0  startup_stm32f10x_md.o(.text)
    EXTI0_IRQHandler                         0x0800024f   Thumb Code     0  startup_stm32f10x_md.o(.text)
    EXTI15_10_IRQHandler                     0x0800024f   Thumb Code     0  startup_stm32f10x_md.o(.text)
    EXTI1_IRQHandler                         0x0800024f   Thumb Code     0  startup_stm32f10x_md.o(.text)
    EXTI2_IRQHandler                         0x0800024f   Thumb Code     0  startup_stm32f10x_md.o(.text)
    EXTI3_IRQHandler                         0x0800024f   Thumb Code     0  startup_stm32f10x_md.o(.text)
    EXTI4_IRQHandler                         0x0800024f   Thumb Code     0  startup_stm32f10x_md.o(.text)
    EXTI9_5_IRQHandler                       0x0800024f   Thumb Code     0  startup_stm32f10x_md.o(.text)
    FLASH_IRQHandler                         0x0800024f   Thumb Code     0  startup_stm32f10x_md.o(.text)
    I2C1_ER_IRQHandler                       0x0800024f   Thumb Code     0  startup_stm32f10x_md.o(.text)
    I2C1_EV_IRQHandler                       0x0800024f   Thumb Code     0  startup_stm32f10x_md.o(.text)
    I2C2_ER_IRQHandler                       0x0800024f   Thumb Code     0  startup_stm32f10x_md.o(.text)
    I2C2_EV_IRQHandler                       0x0800024f   Thumb Code     0  startup_stm32f10x_md.o(.text)
    PVD_IRQHandler                           0x0800024f   Thumb Code     0  startup_stm32f10x_md.o(.text)
    RCC_IRQHandler                           0x0800024f   Thumb Code     0  startup_stm32f10x_md.o(.text)
    RTCAlarm_IRQHandler                      0x0800024f   Thumb Code     0  startup_stm32f10x_md.o(.text)
    RTC_IRQHandler                           0x0800024f   Thumb Code     0  startup_stm32f10x_md.o(.text)
    SPI1_IRQHandler                          0x0800024f   Thumb Code     0  startup_stm32f10x_md.o(.text)
    SPI2_IRQHandler                          0x0800024f   Thumb Code     0  startup_stm32f10x_md.o(.text)
    TAMPER_IRQHandler                        0x0800024f   Thumb Code     0  startup_stm32f10x_md.o(.text)
    TIM1_BRK_IRQHandler                      0x0800024f   Thumb Code     0  startup_stm32f10x_md.o(.text)
    TIM1_CC_IRQHandler                       0x0800024f   Thumb Code     0  startup_stm32f10x_md.o(.text)
    TIM1_TRG_COM_IRQHandler                  0x0800024f   Thumb Code     0  startup_stm32f10x_md.o(.text)
    TIM2_IRQHandler                          0x0800024f   Thumb Code     0  startup_stm32f10x_md.o(.text)
    TIM3_IRQHandler                          0x0800024f   Thumb Code     0  startup_stm32f10x_md.o(.text)
    TIM4_IRQHandler                          0x0800024f   Thumb Code     0  startup_stm32f10x_md.o(.text)
    USART3_IRQHandler                        0x0800024f   Thumb Code     0  startup_stm32f10x_md.o(.text)
    USBWakeUp_IRQHandler                     0x0800024f   Thumb Code     0  startup_stm32f10x_md.o(.text)
    USB_HP_CAN1_TX_IRQHandler                0x0800024f   Thumb Code     0  startup_stm32f10x_md.o(.text)
    USB_LP_CAN1_RX0_IRQHandler               0x0800024f   Thumb Code     0  startup_stm32f10x_md.o(.text)
    WWDG_IRQHandler                          0x0800024f   Thumb Code     0  startup_stm32f10x_md.o(.text)
    __user_initial_stackheap                 0x08000251   Thumb Code     0  startup_stm32f10x_md.o(.text)
    vsprintf                                 0x08000275   Thumb Code    32  vsprintf.o(.text)
    atoi                                     0x08000299   Thumb Code    26  atoi.o(.text)
    strtok                                   0x080002b5   Thumb Code     6  strtok.o(.text)
    strcmp                                   0x080002c1   Thumb Code   128  strcmpv7m.o(.text)
    __use_two_region_memory                  0x08000341   Thumb Code     2  heapauxi.o(.text)
    __rt_heap_escrow$2region                 0x08000343   Thumb Code     2  heapauxi.o(.text)
    __rt_heap_expand$2region                 0x08000345   Thumb Code     2  heapauxi.o(.text)
    __aeabi_errno_addr                       0x08000349   Thumb Code     8  rt_errno_addr_intlibspace.o(.text)
    __errno$intlibspace                      0x08000349   Thumb Code     0  rt_errno_addr_intlibspace.o(.text)
    __rt_errno_addr$intlibspace              0x08000349   Thumb Code     0  rt_errno_addr_intlibspace.o(.text)
    __read_errno                             0x08000351   Thumb Code    10  _rserrno.o(.text)
    __set_errno                              0x0800035b   Thumb Code    12  _rserrno.o(.text)
    _printf_pre_padding                      0x08000367   Thumb Code    44  _printf_pad.o(.text)
    _printf_post_padding                     0x08000393   Thumb Code    34  _printf_pad.o(.text)
    _printf_truncate_signed                  0x080003b5   Thumb Code    18  _printf_truncate.o(.text)
    _printf_truncate_unsigned                0x080003c7   Thumb Code    18  _printf_truncate.o(.text)
    _printf_str                              0x080003d9   Thumb Code    82  _printf_str.o(.text)
    _printf_int_dec                          0x0800042d   Thumb Code   104  _printf_dec.o(.text)
    _printf_charcount                        0x080004a5   Thumb Code    40  _printf_charcount.o(.text)
    _printf_char_common                      0x080004d7   Thumb Code    32  _printf_char_common.o(.text)
    _sputc                                   0x080004fd   Thumb Code    10  _sputc.o(.text)
    _printf_wctomb                           0x08000509   Thumb Code   182  _printf_wctomb.o(.text)
    _printf_longlong_dec                     0x080005c5   Thumb Code   108  _printf_longlong_dec.o(.text)
    _printf_longlong_oct                     0x08000641   Thumb Code    66  _printf_oct_int_ll.o(.text)
    _printf_int_oct                          0x08000683   Thumb Code    24  _printf_oct_int_ll.o(.text)
    _printf_ll_oct                           0x0800069b   Thumb Code    12  _printf_oct_int_ll.o(.text)
    _printf_longlong_hex                     0x080006b1   Thumb Code    86  _printf_hex_int_ll_ptr.o(.text)
    _printf_int_hex                          0x08000707   Thumb Code    28  _printf_hex_int_ll_ptr.o(.text)
    _printf_ll_hex                           0x08000723   Thumb Code    12  _printf_hex_int_ll_ptr.o(.text)
    _printf_hex_ptr                          0x0800072f   Thumb Code    18  _printf_hex_int_ll_ptr.o(.text)
    __printf                                 0x08000745   Thumb Code   388  __printf_flags_ss_wp.o(.text)
    __strtod_int                             0x08000909   Thumb Code    90  strtod.o(.text)
    strtol                                   0x08000971   Thumb Code   112  strtol.o(.text)
    __strtok_internal                        0x080009e1   Thumb Code    64  strtok_int.o(.text)
    __user_libspace                          0x08000a25   Thumb Code     8  libspace.o(.text)
    __user_perproc_libspace                  0x08000a25   Thumb Code     0  libspace.o(.text)
    __user_perthread_libspace                0x08000a25   Thumb Code     0  libspace.o(.text)
    __rt_ctype_table                         0x08000a2d   Thumb Code    16  rt_ctype_table.o(.text)
    _ll_udiv10                               0x08000a3d   Thumb Code   138  lludiv10.o(.text)
    isspace                                  0x08000ac7   Thumb Code    18  isspace.o(.text)
    _printf_int_common                       0x08000ad9   Thumb Code   178  _printf_intcommon.o(.text)
    __lib_sel_fp_printf                      0x08000b8b   Thumb Code     2  _printf_fp_dec.o(.text)
    _printf_fp_dec_real                      0x08000d3d   Thumb Code   620  _printf_fp_dec.o(.text)
    _printf_fp_hex_real                      0x08000fa9   Thumb Code   756  _printf_fp_hex.o(.text)
    _printf_cs_common                        0x080012a5   Thumb Code    20  _printf_char.o(.text)
    _printf_char                             0x080012b9   Thumb Code    16  _printf_char.o(.text)
    _printf_string                           0x080012c9   Thumb Code     8  _printf_char.o(.text)
    _printf_lcs_common                       0x080012d1   Thumb Code    20  _printf_wchar.o(.text)
    _printf_wchar                            0x080012e5   Thumb Code    16  _printf_wchar.o(.text)
    _printf_wstring                          0x080012f5   Thumb Code     8  _printf_wchar.o(.text)
    _sgetc                                   0x080012fd   Thumb Code    30  _sgetc.o(.text)
    _sbackspace                              0x0800131b   Thumb Code    34  _sgetc.o(.text)
    _strtoul                                 0x0800133d   Thumb Code   158  _strtoul.o(.text)
    _wcrtomb                                 0x080013db   Thumb Code    64  _wcrtomb.o(.text)
    strcspn                                  0x0800141b   Thumb Code    32  strcspn.o(.text)
    strspn                                   0x0800143b   Thumb Code    28  strspn.o(.text)
    __user_setup_stackheap                   0x08001457   Thumb Code    74  sys_stackheap_outer.o(.text)
    __rt_locale                              0x080014a1   Thumb Code     8  rt_locale_intlibspace.o(.text)
    _printf_fp_infnan                        0x080014a9   Thumb Code   112  _printf_fp_infnan.o(.text)
    _chval                                   0x08001529   Thumb Code    28  _chval.o(.text)
    _scanf_really_real                       0x08001791   Thumb Code   684  scanf_fp.o(.text)
    _btod_etento                             0x08001a3d   Thumb Code   224  bigflt0.o(.text)
    exit                                     0x08001b21   Thumb Code    18  exit.o(.text)
    _scanf_really_hex_real                   0x08001b35   Thumb Code   786  scanf_hexfp.o(.text)
    _scanf_really_infnan                     0x08001e55   Thumb Code   292  scanf_infnan.o(.text)
    _sys_exit                                0x08001f89   Thumb Code     8  sys_exit.o(.text)
    __aeabi_llsl                             0x08001f95   Thumb Code     0  llshl.o(.text)
    _ll_shift_l                              0x08001f95   Thumb Code    38  llshl.o(.text)
    __I$use$semihosting                      0x08001fbb   Thumb Code     0  use_no_semi.o(.text)
    __use_no_semihosting_swi                 0x08001fbb   Thumb Code     2  use_no_semi.o(.text)
    __semihosting_library_function           0x08001fbd   Thumb Code     0  indicate_semi.o(.text)
    _btod_d2e                                0x08001fbd   Thumb Code    62  btod.o(CL$$btod_d2e)
    _d2e_denorm_low                          0x08001ffb   Thumb Code    70  btod.o(CL$$btod_d2e_denorm_low)
    _d2e_norm_op1                            0x08002041   Thumb Code    96  btod.o(CL$$btod_d2e_norm_op1)
    __btod_div_common                        0x080020a1   Thumb Code   696  btod.o(CL$$btod_div_common)
    _e2d                                     0x080023d9   Thumb Code   122  btod.o(CL$$btod_e2d)
    _e2e                                     0x0800245d   Thumb Code   220  btod.o(CL$$btod_e2e)
    _btod_ediv                               0x08002539   Thumb Code    42  btod.o(CL$$btod_ediv)
    _btod_edivd                              0x08002563   Thumb Code    42  btod.o(CL$$btod_edivd)
    _btod_emul                               0x0800258d   Thumb Code    42  btod.o(CL$$btod_emul)
    _btod_emuld                              0x080025b7   Thumb Code    42  btod.o(CL$$btod_emuld)
    __btod_mult_common                       0x080025e1   Thumb Code   580  btod.o(CL$$btod_mult_common)
    BlueSerial_Init                          0x08002825   Thumb Code   170  blueserial.o(i.BlueSerial_Init)
    BlueSerial_Printf                        0x080028d9   Thumb Code    36  blueserial.o(i.BlueSerial_Printf)
    BlueSerial_SendByte                      0x080028fd   Thumb Code    28  blueserial.o(i.BlueSerial_SendByte)
    BlueSerial_SendString                    0x0800291d   Thumb Code    26  blueserial.o(i.BlueSerial_SendString)
    BusFault_Handler                         0x08002937   Thumb Code     4  stm32f10x_it.o(i.BusFault_Handler)
    DebugMon_Handler                         0x0800293b   Thumb Code     2  stm32f10x_it.o(i.DebugMon_Handler)
    Encoder_Get                              0x0800293d   Thumb Code    56  encoder.o(i.Encoder_Get)
    Encoder_Init                             0x0800297d   Thumb Code   296  encoder.o(i.Encoder_Init)
    GPIO_Init                                0x08002ab5   Thumb Code   278  stm32f10x_gpio.o(i.GPIO_Init)
    GPIO_ReadInputDataBit                    0x08002bcb   Thumb Code    18  stm32f10x_gpio.o(i.GPIO_ReadInputDataBit)
    GPIO_ResetBits                           0x08002bdd   Thumb Code     4  stm32f10x_gpio.o(i.GPIO_ResetBits)
    GPIO_SetBits                             0x08002be1   Thumb Code     4  stm32f10x_gpio.o(i.GPIO_SetBits)
    GPIO_WriteBit                            0x08002be5   Thumb Code    10  stm32f10x_gpio.o(i.GPIO_WriteBit)
    HardFault_Handler                        0x08002bef   Thumb Code     4  stm32f10x_it.o(i.HardFault_Handler)
    Key_GetNum                               0x08002bf5   Thumb Code    24  key.o(i.Key_GetNum)
    Key_GetState                             0x08002c11   Thumb Code    62  key.o(i.Key_GetState)
    Key_Init                                 0x08002c59   Thumb Code    58  key.o(i.Key_Init)
    Key_Tick                                 0x08002c9d   Thumb Code    62  key.o(i.Key_Tick)
    LED_Init                                 0x08002ced   Thumb Code    48  led.o(i.LED_Init)
    LED_OFF                                  0x08002d21   Thumb Code    14  led.o(i.LED_OFF)
    LED_ON                                   0x08002d35   Thumb Code    14  led.o(i.LED_ON)
    MPU6050_GetData                          0x08002d49   Thumb Code   130  mpu6050.o(i.MPU6050_GetData)
    MPU6050_Init                             0x08002dcb   Thumb Code    56  mpu6050.o(i.MPU6050_Init)
    MPU6050_ReadRegs                         0x08002e03   Thumb Code    94  mpu6050.o(i.MPU6050_ReadRegs)
    MPU6050_WriteReg                         0x08002e61   Thumb Code    46  mpu6050.o(i.MPU6050_WriteReg)
    MemManage_Handler                        0x08002e8f   Thumb Code     4  stm32f10x_it.o(i.MemManage_Handler)
    Motor_Init                               0x08002e95   Thumb Code    44  motor.o(i.Motor_Init)
    Motor_SetPWM                             0x08002ec5   Thumb Code   130  motor.o(i.Motor_SetPWM)
    MyI2C_Init                               0x08002f4d   Thumb Code    50  myi2c.o(i.MyI2C_Init)
    MyI2C_R_SDA                              0x08002f85   Thumb Code    18  myi2c.o(i.MyI2C_R_SDA)
    MyI2C_ReceiveAck                         0x08002f9d   Thumb Code    30  myi2c.o(i.MyI2C_ReceiveAck)
    MyI2C_ReceiveByte                        0x08002fbb   Thumb Code    50  myi2c.o(i.MyI2C_ReceiveByte)
    MyI2C_SendAck                            0x08002fed   Thumb Code    24  myi2c.o(i.MyI2C_SendAck)
    MyI2C_SendByte                           0x08003005   Thumb Code    50  myi2c.o(i.MyI2C_SendByte)
    MyI2C_Start                              0x08003037   Thumb Code    28  myi2c.o(i.MyI2C_Start)
    MyI2C_Stop                               0x08003053   Thumb Code    22  myi2c.o(i.MyI2C_Stop)
    MyI2C_W_SCL                              0x08003069   Thumb Code    18  myi2c.o(i.MyI2C_W_SCL)
    MyI2C_W_SDA                              0x08003081   Thumb Code    18  myi2c.o(i.MyI2C_W_SDA)
    NMI_Handler                              0x08003099   Thumb Code     2  stm32f10x_it.o(i.NMI_Handler)
    NVIC_Init                                0x0800309d   Thumb Code   100  misc.o(i.NVIC_Init)
    NVIC_PriorityGroupConfig                 0x0800310d   Thumb Code    10  misc.o(i.NVIC_PriorityGroupConfig)
    OLED_Clear                               0x08003121   Thumb Code    36  oled.o(i.OLED_Clear)
    OLED_ClearArea                           0x08003149   Thumb Code   140  oled.o(i.OLED_ClearArea)
    OLED_GPIO_Init                           0x080031d9   Thumb Code    92  oled.o(i.OLED_GPIO_Init)
    OLED_I2C_SendByte                        0x08003239   Thumb Code    62  oled.o(i.OLED_I2C_SendByte)
    OLED_I2C_Start                           0x08003277   Thumb Code    28  oled.o(i.OLED_I2C_Start)
    OLED_I2C_Stop                            0x08003293   Thumb Code    22  oled.o(i.OLED_I2C_Stop)
    OLED_Init                                0x080032a9   Thumb Code   154  oled.o(i.OLED_Init)
    OLED_Printf                              0x08003343   Thumb Code    50  oled.o(i.OLED_Printf)
    OLED_SetCursor                           0x08003375   Thumb Code    34  oled.o(i.OLED_SetCursor)
    OLED_ShowChar                            0x08003399   Thumb Code    74  oled.o(i.OLED_ShowChar)
    OLED_ShowImage                           0x080033ed   Thumb Code   248  oled.o(i.OLED_ShowImage)
    OLED_ShowString                          0x080034e9   Thumb Code   442  oled.o(i.OLED_ShowString)
    OLED_Update                              0x080036ad   Thumb Code    36  oled.o(i.OLED_Update)
    OLED_W_SCL                               0x080036d5   Thumb Code    18  oled.o(i.OLED_W_SCL)
    OLED_W_SDA                               0x080036ed   Thumb Code    18  oled.o(i.OLED_W_SDA)
    OLED_WriteCommand                        0x08003705   Thumb Code    32  oled.o(i.OLED_WriteCommand)
    OLED_WriteData                           0x08003725   Thumb Code    46  oled.o(i.OLED_WriteData)
    PWM_Init                                 0x08003755   Thumb Code   152  pwm.o(i.PWM_Init)
    PWM_SetCompare1                          0x080037f1   Thumb Code    16  pwm.o(i.PWM_SetCompare1)
    PWM_SetCompare2                          0x08003801   Thumb Code    16  pwm.o(i.PWM_SetCompare2)
    PendSV_Handler                           0x08003811   Thumb Code     2  stm32f10x_it.o(i.PendSV_Handler)
    RCC_APB1PeriphClockCmd                   0x08003815   Thumb Code    26  stm32f10x_rcc.o(i.RCC_APB1PeriphClockCmd)
    RCC_APB2PeriphClockCmd                   0x08003835   Thumb Code    26  stm32f10x_rcc.o(i.RCC_APB2PeriphClockCmd)
    RCC_GetClocksFreq                        0x08003855   Thumb Code   192  stm32f10x_rcc.o(i.RCC_GetClocksFreq)
    SVC_Handler                              0x08003929   Thumb Code     2  stm32f10x_it.o(i.SVC_Handler)
    Serial_Init                              0x0800392d   Thumb Code   174  serial.o(i.Serial_Init)
    SysTick_Handler                          0x08003acd   Thumb Code     2  stm32f10x_it.o(i.SysTick_Handler)
    SystemInit                               0x08003ad1   Thumb Code    78  system_stm32f10x.o(i.SystemInit)
    TIM1_UP_IRQHandler                       0x08003d71   Thumb Code   800  main.o(i.TIM1_UP_IRQHandler)
    TIM_ClearFlag                            0x08004135   Thumb Code     6  stm32f10x_tim.o(i.TIM_ClearFlag)
    TIM_ClearITPendingBit                    0x0800413b   Thumb Code     6  stm32f10x_tim.o(i.TIM_ClearITPendingBit)
    TIM_Cmd                                  0x08004141   Thumb Code    24  stm32f10x_tim.o(i.TIM_Cmd)
    TIM_EncoderInterfaceConfig               0x08004159   Thumb Code    66  stm32f10x_tim.o(i.TIM_EncoderInterfaceConfig)
    TIM_GetCounter                           0x0800419b   Thumb Code     6  stm32f10x_tim.o(i.TIM_GetCounter)
    TIM_GetITStatus                          0x080041a1   Thumb Code    34  stm32f10x_tim.o(i.TIM_GetITStatus)
    TIM_ICInit                               0x080041c5   Thumb Code   150  stm32f10x_tim.o(i.TIM_ICInit)
    TIM_ICStructInit                         0x08004271   Thumb Code    18  stm32f10x_tim.o(i.TIM_ICStructInit)
    TIM_ITConfig                             0x08004283   Thumb Code    18  stm32f10x_tim.o(i.TIM_ITConfig)
    TIM_InternalClockConfig                  0x08004295   Thumb Code    12  stm32f10x_tim.o(i.TIM_InternalClockConfig)
    TIM_OC1Init                              0x080042a1   Thumb Code   132  stm32f10x_tim.o(i.TIM_OC1Init)
    TIM_OC2Init                              0x08004339   Thumb Code   154  stm32f10x_tim.o(i.TIM_OC2Init)
    TIM_OCStructInit                         0x080043dd   Thumb Code    20  stm32f10x_tim.o(i.TIM_OCStructInit)
    TIM_SetCompare1                          0x080043f1   Thumb Code     4  stm32f10x_tim.o(i.TIM_SetCompare1)
    TIM_SetCompare2                          0x080043f5   Thumb Code     4  stm32f10x_tim.o(i.TIM_SetCompare2)
    TIM_SetCounter                           0x080043f9   Thumb Code     4  stm32f10x_tim.o(i.TIM_SetCounter)
    TIM_SetIC1Prescaler                      0x080043fd   Thumb Code    18  stm32f10x_tim.o(i.TIM_SetIC1Prescaler)
    TIM_SetIC2Prescaler                      0x0800440f   Thumb Code    26  stm32f10x_tim.o(i.TIM_SetIC2Prescaler)
    TIM_SetIC3Prescaler                      0x08004429   Thumb Code    18  stm32f10x_tim.o(i.TIM_SetIC3Prescaler)
    TIM_SetIC4Prescaler                      0x0800443b   Thumb Code    26  stm32f10x_tim.o(i.TIM_SetIC4Prescaler)
    TIM_TimeBaseInit                         0x08004455   Thumb Code   122  stm32f10x_tim.o(i.TIM_TimeBaseInit)
    Timer_Init                               0x080044f9   Thumb Code   120  timer.o(i.Timer_Init)
    USART1_IRQHandler                        0x08004575   Thumb Code    44  serial.o(i.USART1_IRQHandler)
    USART2_IRQHandler                        0x080045ad   Thumb Code   120  blueserial.o(i.USART2_IRQHandler)
    USART_ClearITPendingBit                  0x08004639   Thumb Code    30  stm32f10x_usart.o(i.USART_ClearITPendingBit)
    USART_Cmd                                0x08004657   Thumb Code    24  stm32f10x_usart.o(i.USART_Cmd)
    USART_GetFlagStatus                      0x0800466f   Thumb Code    26  stm32f10x_usart.o(i.USART_GetFlagStatus)
    USART_GetITStatus                        0x08004689   Thumb Code    84  stm32f10x_usart.o(i.USART_GetITStatus)
    USART_ITConfig                           0x080046dd   Thumb Code    74  stm32f10x_usart.o(i.USART_ITConfig)
    USART_Init                               0x08004729   Thumb Code   210  stm32f10x_usart.o(i.USART_Init)
    USART_ReceiveData                        0x08004801   Thumb Code    10  stm32f10x_usart.o(i.USART_ReceiveData)
    USART_SendData                           0x0800480b   Thumb Code     8  stm32f10x_usart.o(i.USART_SendData)
    UsageFault_Handler                       0x08004813   Thumb Code     4  stm32f10x_it.o(i.UsageFault_Handler)
    __ARM_fpclassify                         0x08004817   Thumb Code    40  fpclassify.o(i.__ARM_fpclassify)
    __kernel_poly                            0x0800483f   Thumb Code   170  poly.o(i.__kernel_poly)
    __mathlib_dbl_infnan                     0x080048e9   Thumb Code     6  dunder.o(i.__mathlib_dbl_infnan)
    __mathlib_dbl_infnan2                    0x080048ef   Thumb Code     4  dunder.o(i.__mathlib_dbl_infnan2)
    __mathlib_dbl_overflow                   0x080048f3   Thumb Code    14  dunder.o(i.__mathlib_dbl_overflow)
    __mathlib_dbl_underflow                  0x08004901   Thumb Code    10  dunder.o(i.__mathlib_dbl_underflow)
    __mathlib_narrow                         0x08004911   Thumb Code    16  narrow.o(i.__mathlib_narrow)
    __mathlib_tofloat                        0x08004921   Thumb Code   184  narrow.o(i.__mathlib_tofloat)
    __support_ldexp                          0x080049dd   Thumb Code    22  ldexp.o(i.__support_ldexp)
    _is_digit                                0x080049f3   Thumb Code    14  __printf_wp.o(i._is_digit)
    atan                                     0x08004a01   Thumb Code   474  atan.o(i.atan)
    atan2                                    0x08004c21   Thumb Code   346  atan2.o(i.atan2)
    atof                                     0x08004da1   Thumb Code    42  atof.o(i.atof)
    frexp                                    0x08004dcd   Thumb Code    80  frexp.o(i.frexp)
    ldexp                                    0x08004e25   Thumb Code   116  ldexp.o(i.ldexp)
    main                                     0x08004e99   Thumb Code   872  main.o(i.main)
    pid_init                                 0x08005315   Thumb Code    16  pid.o(i.pid_init)
    pid_update                               0x08005325   Thumb Code   132  pid.o(i.pid_update)
    _get_lc_numeric                          0x080053a9   Thumb Code    44  lc_numeric_c.o(locale$$code)
    _get_lc_ctype                            0x080053d5   Thumb Code    44  lc_ctype_c.o(locale$$code)
    __aeabi_d2f                              0x08005401   Thumb Code     0  d2f.o(x$fpl$d2f)
    _d2f                                     0x08005401   Thumb Code    98  d2f.o(x$fpl$d2f)
    __aeabi_dadd                             0x08005465   Thumb Code     0  daddsub_clz.o(x$fpl$dadd)
    _dadd                                    0x08005465   Thumb Code   332  daddsub_clz.o(x$fpl$dadd)
    __fpl_dcheck_NaN1                        0x080055b5   Thumb Code    10  dcheck1.o(x$fpl$dcheck1)
    __fpl_dcmp_Inf                           0x080055c5   Thumb Code    24  dcmpi.o(x$fpl$dcmpinf)
    __aeabi_ddiv                             0x080055dd   Thumb Code     0  ddiv.o(x$fpl$ddiv)
    _ddiv                                    0x080055dd   Thumb Code   552  ddiv.o(x$fpl$ddiv)
    __aeabi_cdcmpeq                          0x0800588d   Thumb Code     0  deqf.o(x$fpl$deqf)
    _dcmpeq                                  0x0800588d   Thumb Code   120  deqf.o(x$fpl$deqf)
    __aeabi_i2d                              0x08005905   Thumb Code     0  dflt_clz.o(x$fpl$dflt)
    _dflt                                    0x08005905   Thumb Code    46  dflt_clz.o(x$fpl$dflt)
    __aeabi_cdcmple                          0x08005935   Thumb Code     0  dleqf.o(x$fpl$dleqf)
    _dcmple                                  0x08005935   Thumb Code   120  dleqf.o(x$fpl$dleqf)
    __fpl_dcmple_InfNaN                      0x08005997   Thumb Code     0  dleqf.o(x$fpl$dleqf)
    __aeabi_dmul                             0x080059ad   Thumb Code     0  dmul.o(x$fpl$dmul)
    _dmul                                    0x080059ad   Thumb Code   332  dmul.o(x$fpl$dmul)
    __fpl_dnaninf                            0x08005b01   Thumb Code   156  dnaninf.o(x$fpl$dnaninf)
    __fpl_dretinf                            0x08005b9d   Thumb Code    12  dretinf.o(x$fpl$dretinf)
    __aeabi_cdrcmple                         0x08005ba9   Thumb Code     0  drleqf.o(x$fpl$drleqf)
    _drcmple                                 0x08005ba9   Thumb Code   108  drleqf.o(x$fpl$drleqf)
    __aeabi_drsub                            0x08005c15   Thumb Code     0  daddsub_clz.o(x$fpl$drsb)
    _drsb                                    0x08005c15   Thumb Code    22  daddsub_clz.o(x$fpl$drsb)
    __aeabi_dsub                             0x08005c2d   Thumb Code     0  daddsub_clz.o(x$fpl$dsub)
    _dsub                                    0x08005c2d   Thumb Code   464  daddsub_clz.o(x$fpl$dsub)
    __aeabi_f2d                              0x08005e01   Thumb Code     0  f2d.o(x$fpl$f2d)
    _f2d                                     0x08005e01   Thumb Code    86  f2d.o(x$fpl$f2d)
    __aeabi_fadd                             0x08005e59   Thumb Code     0  faddsub_clz.o(x$fpl$fadd)
    _fadd                                    0x08005e59   Thumb Code   196  faddsub_clz.o(x$fpl$fadd)
    __fpl_fcmp_Inf                           0x08005f1d   Thumb Code    24  fcmpi.o(x$fpl$fcmpinf)
    __aeabi_cfcmpeq                          0x08005f35   Thumb Code     0  feqf.o(x$fpl$feqf)
    _fcmpeq                                  0x08005f35   Thumb Code   104  feqf.o(x$fpl$feqf)
    __aeabi_f2uiz                            0x08005f9d   Thumb Code     0  ffixu.o(x$fpl$ffixu)
    _ffixu                                   0x08005f9d   Thumb Code    62  ffixu.o(x$fpl$ffixu)
    __aeabi_cfcmple                          0x08005fdd   Thumb Code     0  fleqf.o(x$fpl$fleqf)
    _fcmple                                  0x08005fdd   Thumb Code   104  fleqf.o(x$fpl$fleqf)
    __fpl_fcmple_InfNaN                      0x0800602f   Thumb Code     0  fleqf.o(x$fpl$fleqf)
    __aeabi_fmul                             0x08006045   Thumb Code     0  fmul.o(x$fpl$fmul)
    _fmul                                    0x08006045   Thumb Code   258  fmul.o(x$fpl$fmul)
    __fpl_fnaninf                            0x08006147   Thumb Code   140  fnaninf.o(x$fpl$fnaninf)
    __fpl_fretinf                            0x080061d3   Thumb Code    10  fretinf.o(x$fpl$fretinf)
    __aeabi_cfrcmple                         0x080061dd   Thumb Code     0  frleqf.o(x$fpl$frleqf)
    _frcmple                                 0x080061dd   Thumb Code    98  frleqf.o(x$fpl$frleqf)
    __aeabi_fsub                             0x08006241   Thumb Code     0  faddsub_clz.o(x$fpl$fsub)
    _fsub                                    0x08006241   Thumb Code   234  faddsub_clz.o(x$fpl$fsub)
    __ieee_status                            0x0800632b   Thumb Code     6  istatus.o(x$fpl$ieeestatus)
    _printf_fp_dec                           0x08006331   Thumb Code     4  printf1.o(x$fpl$printf1)
    _printf_fp_hex                           0x08006335   Thumb Code     4  printf2.o(x$fpl$printf2)
    __fpl_return_NaN                         0x08006339   Thumb Code   100  retnan.o(x$fpl$retnan)
    __ARM_scalbn                             0x0800639d   Thumb Code    92  scalbn.o(x$fpl$scalbn)
    _scanf_real                              0x080063f9   Thumb Code     4  scanf1.o(x$fpl$scanf1)
    _scanf_hex_real                          0x080063fd   Thumb Code     4  scanf2.o(x$fpl$scanf2)
    _scanf_infnan                            0x08006401   Thumb Code     4  scanf2.o(x$fpl$scanf2)
    __fpl_cmpreturn                          0x08006405   Thumb Code    48  trapv.o(x$fpl$trapveneer)
    OLED_F8x16                               0x08006434   Data        1520  oled_data.o(.constdata)
    __I$use$fp                               0x08006434   Number         0  usenofp.o(x$fpl$usenofp)
    OLED_F6x8                                0x08006a24   Data         570  oled_data.o(.constdata)
    OLED_CF16x16                             0x08006c5e   Data         259  oled_data.o(.constdata)
    Diode                                    0x08006d61   Data          32  oled_data.o(.constdata)
    __mathlib_zero                           0x08006e60   Data           8  qnan.o(.constdata)
    Region$$Table$$Base                      0x08006f24   Number         0  anon$$obj.o(Region$$Table)
    Region$$Table$$Limit                     0x08006f44   Number         0  anon$$obj.o(Region$$Table)
    __aeabi_HUGE_VAL                         0x08006f44   Data           0  fpconst.o(c$$dinf)
    __aeabi_HUGE_VALL                        0x08006f44   Data           0  fpconst.o(c$$dinf)
    __aeabi_INFINITY                         0x08006f44   Data           0  fpconst.o(c$$dinf)
    __dInf                                   0x08006f44   Data           0  fpconst.o(c$$dinf)
    __huge_val                               0x08006f44   Data           0  fpconst.o(c$$dinf)
    __dbl_max                                0x08006f4c   Data           0  fpconst.o(c$$dmax)
    __ctype                                  0x08006f7d   Data           0  lc_ctype_c.o(locale$$data)
    Key_Num                                  0x20000014   Data           1  key.o(.data)
    Serial_RxData                            0x20000018   Data           1  serial.o(.data)
    Serial_RxFlag                            0x20000019   Data           1  serial.o(.data)
    BlueSerial_RxFlag                        0x2000001a   Data           1  blueserial.o(.data)
    AX                                       0x20000020   Data           2  main.o(.data)
    AY                                       0x20000022   Data           2  main.o(.data)
    AZ                                       0x20000024   Data           2  main.o(.data)
    GX                                       0x20000026   Data           2  main.o(.data)
    GY                                       0x20000028   Data           2  main.o(.data)
    GZ                                       0x2000002a   Data           2  main.o(.data)
    TimerErrorFlag                           0x2000002c   Data           1  main.o(.data)
    TimerCount                               0x2000002e   Data           2  main.o(.data)
    leftpwm                                  0x20000030   Data           2  main.o(.data)
    rightpwm                                 0x20000032   Data           2  main.o(.data)
    avepwm                                   0x20000034   Data           2  main.o(.data)
    difpwm                                   0x20000036   Data           2  main.o(.data)
    leftspeed                                0x20000038   Data           4  main.o(.data)
    rightspeed                               0x2000003c   Data           4  main.o(.data)
    avespeed                                 0x20000040   Data           4  main.o(.data)
    difspeed                                 0x20000044   Data           4  main.o(.data)
    AngleAcc                                 0x20000048   Data           4  main.o(.data)
    AngleGyro                                0x2000004c   Data           4  main.o(.data)
    Angle                                    0x20000050   Data           4  main.o(.data)
    KeyNum                                   0x20000054   Data           1  main.o(.data)
    RunFlag                                  0x20000055   Data           1  main.o(.data)
    Speed                                    0x20000056   Data           2  main.o(.data)
    PWM                                      0x20000058   Data           2  main.o(.data)
    anglepid                                 0x2000005c   Data          44  main.o(.data)
    speedpid                                 0x20000088   Data          44  main.o(.data)
    OLED_DisplayBuf                          0x200000bc   Data        1024  oled.o(.bss)
    BlueSerial_RxPacket                      0x200004bc   Data         100  blueserial.o(.bss)
    __libspace_start                         0x20000520   Data          96  libspace.o(.bss)
    __temporary_stack_top$libspace           0x20000580   Data           0  libspace.o(.bss)



==============================================================================

Memory Map of the image

  Image Entry point : 0x080000ed

  Load Region LR_IROM1 (Base: 0x08000000, Size: 0x0000713c, Max: 0x00010000, ABSOLUTE)

    Execution Region ER_IROM1 (Exec base: 0x08000000, Load base: 0x08000000, Size: 0x00007080, Max: 0x00010000, ABSOLUTE)

    Exec Addr    Load Addr    Size         Type   Attr      Idx    E Section Name        Object

    0x08000000   0x08000000   0x000000ec   Data   RO            3    RESET               startup_stm32f10x_md.o
    0x080000ec   0x080000ec   0x00000008   Code   RO         4030  * !!!main             c_w.l(__main.o)
    0x080000f4   0x080000f4   0x00000034   Code   RO         4539    !!!scatter          c_w.l(__scatter.o)
    0x08000128   0x08000128   0x0000001a   Code   RO         4541    !!handler_copy      c_w.l(__scatter_copy.o)
    0x08000142   0x08000142   0x00000002   PAD
    0x08000144   0x08000144   0x0000001c   Code   RO         4543    !!handler_zi        c_w.l(__scatter_zi.o)
    0x08000160   0x08000160   0x00000000   Code   RO         4193    .ARM.Collect$$_printf_percent$$00000000  c_w.l(_printf_percent.o)
    0x08000160   0x08000160   0x00000006   Code   RO         4182    .ARM.Collect$$_printf_percent$$00000001  c_w.l(_printf_n.o)
    0x08000166   0x08000166   0x00000006   Code   RO         4184    .ARM.Collect$$_printf_percent$$00000002  c_w.l(_printf_p.o)
    0x0800016c   0x0800016c   0x00000006   Code   RO         4189    .ARM.Collect$$_printf_percent$$00000003  c_w.l(_printf_f.o)
    0x08000172   0x08000172   0x00000006   Code   RO         4190    .ARM.Collect$$_printf_percent$$00000004  c_w.l(_printf_e.o)
    0x08000178   0x08000178   0x00000006   Code   RO         4191    .ARM.Collect$$_printf_percent$$00000005  c_w.l(_printf_g.o)
    0x0800017e   0x0800017e   0x00000006   Code   RO         4192    .ARM.Collect$$_printf_percent$$00000006  c_w.l(_printf_a.o)
    0x08000184   0x08000184   0x0000000a   Code   RO         4197    .ARM.Collect$$_printf_percent$$00000007  c_w.l(_printf_ll.o)
    0x0800018e   0x0800018e   0x00000006   Code   RO         4186    .ARM.Collect$$_printf_percent$$00000008  c_w.l(_printf_i.o)
    0x08000194   0x08000194   0x00000006   Code   RO         4187    .ARM.Collect$$_printf_percent$$00000009  c_w.l(_printf_d.o)
    0x0800019a   0x0800019a   0x00000006   Code   RO         4188    .ARM.Collect$$_printf_percent$$0000000A  c_w.l(_printf_u.o)
    0x080001a0   0x080001a0   0x00000006   Code   RO         4185    .ARM.Collect$$_printf_percent$$0000000B  c_w.l(_printf_o.o)
    0x080001a6   0x080001a6   0x00000006   Code   RO         4183    .ARM.Collect$$_printf_percent$$0000000C  c_w.l(_printf_x.o)
    0x080001ac   0x080001ac   0x00000006   Code   RO         4194    .ARM.Collect$$_printf_percent$$0000000D  c_w.l(_printf_lli.o)
    0x080001b2   0x080001b2   0x00000006   Code   RO         4195    .ARM.Collect$$_printf_percent$$0000000E  c_w.l(_printf_lld.o)
    0x080001b8   0x080001b8   0x00000006   Code   RO         4196    .ARM.Collect$$_printf_percent$$0000000F  c_w.l(_printf_llu.o)
    0x080001be   0x080001be   0x00000006   Code   RO         4201    .ARM.Collect$$_printf_percent$$00000010  c_w.l(_printf_llo.o)
    0x080001c4   0x080001c4   0x00000006   Code   RO         4202    .ARM.Collect$$_printf_percent$$00000011  c_w.l(_printf_llx.o)
    0x080001ca   0x080001ca   0x0000000a   Code   RO         4198    .ARM.Collect$$_printf_percent$$00000012  c_w.l(_printf_l.o)
    0x080001d4   0x080001d4   0x00000006   Code   RO         4180    .ARM.Collect$$_printf_percent$$00000013  c_w.l(_printf_c.o)
    0x080001da   0x080001da   0x00000006   Code   RO         4181    .ARM.Collect$$_printf_percent$$00000014  c_w.l(_printf_s.o)
    0x080001e0   0x080001e0   0x00000006   Code   RO         4199    .ARM.Collect$$_printf_percent$$00000015  c_w.l(_printf_lc.o)
    0x080001e6   0x080001e6   0x00000006   Code   RO         4200    .ARM.Collect$$_printf_percent$$00000016  c_w.l(_printf_ls.o)
    0x080001ec   0x080001ec   0x00000004   Code   RO         4294    .ARM.Collect$$_printf_percent$$00000017  c_w.l(_printf_percent_end.o)
    0x080001f0   0x080001f0   0x00000002   Code   RO         4364    .ARM.Collect$$libinit$$00000000  c_w.l(libinit.o)
    0x080001f2   0x080001f2   0x00000000   Code   RO         4366    .ARM.Collect$$libinit$$00000002  c_w.l(libinit2.o)
    0x080001f2   0x080001f2   0x00000000   Code   RO         4368    .ARM.Collect$$libinit$$00000004  c_w.l(libinit2.o)
    0x080001f2   0x080001f2   0x00000000   Code   RO         4371    .ARM.Collect$$libinit$$0000000A  c_w.l(libinit2.o)
    0x080001f2   0x080001f2   0x00000000   Code   RO         4373    .ARM.Collect$$libinit$$0000000C  c_w.l(libinit2.o)
    0x080001f2   0x080001f2   0x00000000   Code   RO         4375    .ARM.Collect$$libinit$$0000000E  c_w.l(libinit2.o)
    0x080001f2   0x080001f2   0x00000006   Code   RO         4376    .ARM.Collect$$libinit$$0000000F  c_w.l(libinit2.o)
    0x080001f8   0x080001f8   0x00000000   Code   RO         4378    .ARM.Collect$$libinit$$00000011  c_w.l(libinit2.o)
    0x080001f8   0x080001f8   0x0000000c   Code   RO         4379    .ARM.Collect$$libinit$$00000012  c_w.l(libinit2.o)
    0x08000204   0x08000204   0x00000000   Code   RO         4380    .ARM.Collect$$libinit$$00000013  c_w.l(libinit2.o)
    0x08000204   0x08000204   0x00000000   Code   RO         4382    .ARM.Collect$$libinit$$00000015  c_w.l(libinit2.o)
    0x08000204   0x08000204   0x0000000a   Code   RO         4383    .ARM.Collect$$libinit$$00000016  c_w.l(libinit2.o)
    0x0800020e   0x0800020e   0x00000000   Code   RO         4384    .ARM.Collect$$libinit$$00000017  c_w.l(libinit2.o)
    0x0800020e   0x0800020e   0x00000000   Code   RO         4386    .ARM.Collect$$libinit$$00000019  c_w.l(libinit2.o)
    0x0800020e   0x0800020e   0x00000000   Code   RO         4388    .ARM.Collect$$libinit$$0000001B  c_w.l(libinit2.o)
    0x0800020e   0x0800020e   0x00000000   Code   RO         4390    .ARM.Collect$$libinit$$0000001D  c_w.l(libinit2.o)
    0x0800020e   0x0800020e   0x00000000   Code   RO         4392    .ARM.Collect$$libinit$$0000001F  c_w.l(libinit2.o)
    0x0800020e   0x0800020e   0x00000000   Code   RO         4394    .ARM.Collect$$libinit$$00000021  c_w.l(libinit2.o)
    0x0800020e   0x0800020e   0x00000000   Code   RO         4396    .ARM.Collect$$libinit$$00000023  c_w.l(libinit2.o)
    0x0800020e   0x0800020e   0x00000000   Code   RO         4398    .ARM.Collect$$libinit$$00000025  c_w.l(libinit2.o)
    0x0800020e   0x0800020e   0x00000000   Code   RO         4402    .ARM.Collect$$libinit$$0000002C  c_w.l(libinit2.o)
    0x0800020e   0x0800020e   0x00000000   Code   RO         4404    .ARM.Collect$$libinit$$0000002E  c_w.l(libinit2.o)
    0x0800020e   0x0800020e   0x00000000   Code   RO         4406    .ARM.Collect$$libinit$$00000030  c_w.l(libinit2.o)
    0x0800020e   0x0800020e   0x00000000   Code   RO         4408    .ARM.Collect$$libinit$$00000032  c_w.l(libinit2.o)
    0x0800020e   0x0800020e   0x00000002   Code   RO         4409    .ARM.Collect$$libinit$$00000033  c_w.l(libinit2.o)
    0x08000210   0x08000210   0x00000002   Code   RO         4475    .ARM.Collect$$libshutdown$$00000000  c_w.l(libshutdown.o)
    0x08000212   0x08000212   0x00000000   Code   RO         4498    .ARM.Collect$$libshutdown$$00000002  c_w.l(libshutdown2.o)
    0x08000212   0x08000212   0x00000000   Code   RO         4500    .ARM.Collect$$libshutdown$$00000004  c_w.l(libshutdown2.o)
    0x08000212   0x08000212   0x00000000   Code   RO         4503    .ARM.Collect$$libshutdown$$00000007  c_w.l(libshutdown2.o)
    0x08000212   0x08000212   0x00000000   Code   RO         4506    .ARM.Collect$$libshutdown$$0000000A  c_w.l(libshutdown2.o)
    0x08000212   0x08000212   0x00000000   Code   RO         4508    .ARM.Collect$$libshutdown$$0000000C  c_w.l(libshutdown2.o)
    0x08000212   0x08000212   0x00000000   Code   RO         4511    .ARM.Collect$$libshutdown$$0000000F  c_w.l(libshutdown2.o)
    0x08000212   0x08000212   0x00000002   Code   RO         4512    .ARM.Collect$$libshutdown$$00000010  c_w.l(libshutdown2.o)
    0x08000214   0x08000214   0x00000000   Code   RO         4104    .ARM.Collect$$rtentry$$00000000  c_w.l(__rtentry.o)
    0x08000214   0x08000214   0x00000000   Code   RO         4261    .ARM.Collect$$rtentry$$00000002  c_w.l(__rtentry2.o)
    0x08000214   0x08000214   0x00000006   Code   RO         4273    .ARM.Collect$$rtentry$$00000004  c_w.l(__rtentry4.o)
    0x0800021a   0x0800021a   0x00000000   Code   RO         4263    .ARM.Collect$$rtentry$$00000009  c_w.l(__rtentry2.o)
    0x0800021a   0x0800021a   0x00000004   Code   RO         4264    .ARM.Collect$$rtentry$$0000000A  c_w.l(__rtentry2.o)
    0x0800021e   0x0800021e   0x00000000   Code   RO         4266    .ARM.Collect$$rtentry$$0000000C  c_w.l(__rtentry2.o)
    0x0800021e   0x0800021e   0x00000008   Code   RO         4267    .ARM.Collect$$rtentry$$0000000D  c_w.l(__rtentry2.o)
    0x08000226   0x08000226   0x00000002   Code   RO         4414    .ARM.Collect$$rtexit$$00000000  c_w.l(rtexit.o)
    0x08000228   0x08000228   0x00000000   Code   RO         4439    .ARM.Collect$$rtexit$$00000002  c_w.l(rtexit2.o)
    0x08000228   0x08000228   0x00000004   Code   RO         4440    .ARM.Collect$$rtexit$$00000003  c_w.l(rtexit2.o)
    0x0800022c   0x0800022c   0x00000006   Code   RO         4441    .ARM.Collect$$rtexit$$00000004  c_w.l(rtexit2.o)
    0x08000232   0x08000232   0x00000002   PAD
    0x08000234   0x08000234   0x00000040   Code   RO            4    .text               startup_stm32f10x_md.o
    0x08000274   0x08000274   0x00000024   Code   RO         4019    .text               c_w.l(vsprintf.o)
    0x08000298   0x08000298   0x0000001a   Code   RO         4021    .text               c_w.l(atoi.o)
    0x080002b2   0x080002b2   0x00000002   PAD
    0x080002b4   0x080002b4   0x0000000c   Code   RO         4023    .text               c_w.l(strtok.o)
    0x080002c0   0x080002c0   0x00000080   Code   RO         4026    .text               c_w.l(strcmpv7m.o)
    0x08000340   0x08000340   0x00000006   Code   RO         4028    .text               c_w.l(heapauxi.o)
    0x08000346   0x08000346   0x00000002   PAD
    0x08000348   0x08000348   0x00000008   Code   RO         4108    .text               c_w.l(rt_errno_addr_intlibspace.o)
    0x08000350   0x08000350   0x00000016   Code   RO         4110    .text               c_w.l(_rserrno.o)
    0x08000366   0x08000366   0x0000004e   Code   RO         4114    .text               c_w.l(_printf_pad.o)
    0x080003b4   0x080003b4   0x00000024   Code   RO         4116    .text               c_w.l(_printf_truncate.o)
    0x080003d8   0x080003d8   0x00000052   Code   RO         4118    .text               c_w.l(_printf_str.o)
    0x0800042a   0x0800042a   0x00000002   PAD
    0x0800042c   0x0800042c   0x00000078   Code   RO         4120    .text               c_w.l(_printf_dec.o)
    0x080004a4   0x080004a4   0x00000028   Code   RO         4122    .text               c_w.l(_printf_charcount.o)
    0x080004cc   0x080004cc   0x00000030   Code   RO         4124    .text               c_w.l(_printf_char_common.o)
    0x080004fc   0x080004fc   0x0000000a   Code   RO         4126    .text               c_w.l(_sputc.o)
    0x08000506   0x08000506   0x00000002   PAD
    0x08000508   0x08000508   0x000000bc   Code   RO         4128    .text               c_w.l(_printf_wctomb.o)
    0x080005c4   0x080005c4   0x0000007c   Code   RO         4131    .text               c_w.l(_printf_longlong_dec.o)
    0x08000640   0x08000640   0x00000070   Code   RO         4137    .text               c_w.l(_printf_oct_int_ll.o)
    0x080006b0   0x080006b0   0x00000094   Code   RO         4157    .text               c_w.l(_printf_hex_int_ll_ptr.o)
    0x08000744   0x08000744   0x00000188   Code   RO         4177    .text               c_w.l(__printf_flags_ss_wp.o)
    0x080008cc   0x080008cc   0x000000a4   Code   RO         4203    .text               c_w.l(strtod.o)
    0x08000970   0x08000970   0x00000070   Code   RO         4205    .text               c_w.l(strtol.o)
    0x080009e0   0x080009e0   0x00000044   Code   RO         4207    .text               c_w.l(strtok_int.o)
    0x08000a24   0x08000a24   0x00000008   Code   RO         4257    .text               c_w.l(libspace.o)
    0x08000a2c   0x08000a2c   0x00000010   Code   RO         4275    .text               c_w.l(rt_ctype_table.o)
    0x08000a3c   0x08000a3c   0x0000008a   Code   RO         4277    .text               c_w.l(lludiv10.o)
    0x08000ac6   0x08000ac6   0x00000012   Code   RO         4279    .text               c_w.l(isspace.o)
    0x08000ad8   0x08000ad8   0x000000b2   Code   RO         4281    .text               c_w.l(_printf_intcommon.o)
    0x08000b8a   0x08000b8a   0x0000041e   Code   RO         4283    .text               c_w.l(_printf_fp_dec.o)
    0x08000fa8   0x08000fa8   0x000002fc   Code   RO         4285    .text               c_w.l(_printf_fp_hex.o)
    0x080012a4   0x080012a4   0x0000002c   Code   RO         4290    .text               c_w.l(_printf_char.o)
    0x080012d0   0x080012d0   0x0000002c   Code   RO         4292    .text               c_w.l(_printf_wchar.o)
    0x080012fc   0x080012fc   0x00000040   Code   RO         4295    .text               c_w.l(_sgetc.o)
    0x0800133c   0x0800133c   0x0000009e   Code   RO         4297    .text               c_w.l(_strtoul.o)
    0x080013da   0x080013da   0x00000040   Code   RO         4299    .text               c_w.l(_wcrtomb.o)
    0x0800141a   0x0800141a   0x00000020   Code   RO         4304    .text               c_w.l(strcspn.o)
    0x0800143a   0x0800143a   0x0000001c   Code   RO         4306    .text               c_w.l(strspn.o)
    0x08001456   0x08001456   0x0000004a   Code   RO         4316    .text               c_w.l(sys_stackheap_outer.o)
    0x080014a0   0x080014a0   0x00000008   Code   RO         4321    .text               c_w.l(rt_locale_intlibspace.o)
    0x080014a8   0x080014a8   0x00000080   Code   RO         4323    .text               c_w.l(_printf_fp_infnan.o)
    0x08001528   0x08001528   0x0000001c   Code   RO         4325    .text               c_w.l(_chval.o)
    0x08001544   0x08001544   0x000004f8   Code   RO         4327    .text               c_w.l(scanf_fp.o)
    0x08001a3c   0x08001a3c   0x000000e4   Code   RO         4329    .text               c_w.l(bigflt0.o)
    0x08001b20   0x08001b20   0x00000012   Code   RO         4357    .text               c_w.l(exit.o)
    0x08001b32   0x08001b32   0x00000002   PAD
    0x08001b34   0x08001b34   0x00000320   Code   RO         4445    .text               c_w.l(scanf_hexfp.o)
    0x08001e54   0x08001e54   0x00000134   Code   RO         4447    .text               c_w.l(scanf_infnan.o)
    0x08001f88   0x08001f88   0x0000000c   Code   RO         4463    .text               c_w.l(sys_exit.o)
    0x08001f94   0x08001f94   0x00000026   Code   RO         4467    .text               c_w.l(llshl.o)
    0x08001fba   0x08001fba   0x00000002   Code   RO         4488    .text               c_w.l(use_no_semi.o)
    0x08001fbc   0x08001fbc   0x00000000   Code   RO         4490    .text               c_w.l(indicate_semi.o)
    0x08001fbc   0x08001fbc   0x0000003e   Code   RO         4332    CL$$btod_d2e        c_w.l(btod.o)
    0x08001ffa   0x08001ffa   0x00000046   Code   RO         4334    CL$$btod_d2e_denorm_low  c_w.l(btod.o)
    0x08002040   0x08002040   0x00000060   Code   RO         4333    CL$$btod_d2e_norm_op1  c_w.l(btod.o)
    0x080020a0   0x080020a0   0x00000338   Code   RO         4342    CL$$btod_div_common  c_w.l(btod.o)
    0x080023d8   0x080023d8   0x00000084   Code   RO         4340    CL$$btod_e2d        c_w.l(btod.o)
    0x0800245c   0x0800245c   0x000000dc   Code   RO         4339    CL$$btod_e2e        c_w.l(btod.o)
    0x08002538   0x08002538   0x0000002a   Code   RO         4336    CL$$btod_ediv       c_w.l(btod.o)
    0x08002562   0x08002562   0x0000002a   Code   RO         4338    CL$$btod_edivd      c_w.l(btod.o)
    0x0800258c   0x0800258c   0x0000002a   Code   RO         4335    CL$$btod_emul       c_w.l(btod.o)
    0x080025b6   0x080025b6   0x0000002a   Code   RO         4337    CL$$btod_emuld      c_w.l(btod.o)
    0x080025e0   0x080025e0   0x00000244   Code   RO         4341    CL$$btod_mult_common  c_w.l(btod.o)
    0x08002824   0x08002824   0x000000b4   Code   RO         3812    i.BlueSerial_Init   blueserial.o
    0x080028d8   0x080028d8   0x00000024   Code   RO         3814    i.BlueSerial_Printf  blueserial.o
    0x080028fc   0x080028fc   0x00000020   Code   RO         3816    i.BlueSerial_SendByte  blueserial.o
    0x0800291c   0x0800291c   0x0000001a   Code   RO         3818    i.BlueSerial_SendString  blueserial.o
    0x08002936   0x08002936   0x00000004   Code   RO         3870    i.BusFault_Handler  stm32f10x_it.o
    0x0800293a   0x0800293a   0x00000002   Code   RO         3871    i.DebugMon_Handler  stm32f10x_it.o
    0x0800293c   0x0800293c   0x00000040   Code   RO         3715    i.Encoder_Get       encoder.o
    0x0800297c   0x0800297c   0x00000138   Code   RO         3716    i.Encoder_Init      encoder.o
    0x08002ab4   0x08002ab4   0x00000116   Code   RO         1347    i.GPIO_Init         stm32f10x_gpio.o
    0x08002bca   0x08002bca   0x00000012   Code   RO         1351    i.GPIO_ReadInputDataBit  stm32f10x_gpio.o
    0x08002bdc   0x08002bdc   0x00000004   Code   RO         1354    i.GPIO_ResetBits    stm32f10x_gpio.o
    0x08002be0   0x08002be0   0x00000004   Code   RO         1355    i.GPIO_SetBits      stm32f10x_gpio.o
    0x08002be4   0x08002be4   0x0000000a   Code   RO         1358    i.GPIO_WriteBit     stm32f10x_gpio.o
    0x08002bee   0x08002bee   0x00000004   Code   RO         3872    i.HardFault_Handler  stm32f10x_it.o
    0x08002bf2   0x08002bf2   0x00000002   PAD
    0x08002bf4   0x08002bf4   0x0000001c   Code   RO         3520    i.Key_GetNum        key.o
    0x08002c10   0x08002c10   0x00000048   Code   RO         3521    i.Key_GetState      key.o
    0x08002c58   0x08002c58   0x00000044   Code   RO         3522    i.Key_Init          key.o
    0x08002c9c   0x08002c9c   0x00000050   Code   RO         3523    i.Key_Tick          key.o
    0x08002cec   0x08002cec   0x00000034   Code   RO         3232    i.LED_Init          led.o
    0x08002d20   0x08002d20   0x00000014   Code   RO         3233    i.LED_OFF           led.o
    0x08002d34   0x08002d34   0x00000014   Code   RO         3234    i.LED_ON            led.o
    0x08002d48   0x08002d48   0x00000082   Code   RO         3556    i.MPU6050_GetData   mpu6050.o
    0x08002dca   0x08002dca   0x00000038   Code   RO         3558    i.MPU6050_Init      mpu6050.o
    0x08002e02   0x08002e02   0x0000005e   Code   RO         3560    i.MPU6050_ReadRegs  mpu6050.o
    0x08002e60   0x08002e60   0x0000002e   Code   RO         3561    i.MPU6050_WriteReg  mpu6050.o
    0x08002e8e   0x08002e8e   0x00000004   Code   RO         3873    i.MemManage_Handler  stm32f10x_it.o
    0x08002e92   0x08002e92   0x00000002   PAD
    0x08002e94   0x08002e94   0x00000030   Code   RO         3670    i.Motor_Init        motor.o
    0x08002ec4   0x08002ec4   0x00000088   Code   RO         3671    i.Motor_SetPWM      motor.o
    0x08002f4c   0x08002f4c   0x00000038   Code   RO         3604    i.MyI2C_Init        myi2c.o
    0x08002f84   0x08002f84   0x00000018   Code   RO         3605    i.MyI2C_R_SDA       myi2c.o
    0x08002f9c   0x08002f9c   0x0000001e   Code   RO         3606    i.MyI2C_ReceiveAck  myi2c.o
    0x08002fba   0x08002fba   0x00000032   Code   RO         3607    i.MyI2C_ReceiveByte  myi2c.o
    0x08002fec   0x08002fec   0x00000018   Code   RO         3608    i.MyI2C_SendAck     myi2c.o
    0x08003004   0x08003004   0x00000032   Code   RO         3609    i.MyI2C_SendByte    myi2c.o
    0x08003036   0x08003036   0x0000001c   Code   RO         3610    i.MyI2C_Start       myi2c.o
    0x08003052   0x08003052   0x00000016   Code   RO         3611    i.MyI2C_Stop        myi2c.o
    0x08003068   0x08003068   0x00000018   Code   RO         3612    i.MyI2C_W_SCL       myi2c.o
    0x08003080   0x08003080   0x00000018   Code   RO         3613    i.MyI2C_W_SDA       myi2c.o
    0x08003098   0x08003098   0x00000002   Code   RO         3874    i.NMI_Handler       stm32f10x_it.o
    0x0800309a   0x0800309a   0x00000002   PAD
    0x0800309c   0x0800309c   0x00000070   Code   RO          137    i.NVIC_Init         misc.o
    0x0800310c   0x0800310c   0x00000014   Code   RO          138    i.NVIC_PriorityGroupConfig  misc.o
    0x08003120   0x08003120   0x00000028   Code   RO         3262    i.OLED_Clear        oled.o
    0x08003148   0x08003148   0x00000090   Code   RO         3263    i.OLED_ClearArea    oled.o
    0x080031d8   0x080031d8   0x00000060   Code   RO         3271    i.OLED_GPIO_Init    oled.o
    0x08003238   0x08003238   0x0000003e   Code   RO         3273    i.OLED_I2C_SendByte  oled.o
    0x08003276   0x08003276   0x0000001c   Code   RO         3274    i.OLED_I2C_Start    oled.o
    0x08003292   0x08003292   0x00000016   Code   RO         3275    i.OLED_I2C_Stop     oled.o
    0x080032a8   0x080032a8   0x0000009a   Code   RO         3276    i.OLED_Init         oled.o
    0x08003342   0x08003342   0x00000032   Code   RO         3279    i.OLED_Printf       oled.o
    0x08003374   0x08003374   0x00000022   Code   RO         3282    i.OLED_SetCursor    oled.o
    0x08003396   0x08003396   0x00000002   PAD
    0x08003398   0x08003398   0x00000054   Code   RO         3284    i.OLED_ShowChar     oled.o
    0x080033ec   0x080033ec   0x000000fc   Code   RO         3287    i.OLED_ShowImage    oled.o
    0x080034e8   0x080034e8   0x000001c4   Code   RO         3290    i.OLED_ShowString   oled.o
    0x080036ac   0x080036ac   0x00000028   Code   RO         3291    i.OLED_Update       oled.o
    0x080036d4   0x080036d4   0x00000018   Code   RO         3293    i.OLED_W_SCL        oled.o
    0x080036ec   0x080036ec   0x00000018   Code   RO         3294    i.OLED_W_SDA        oled.o
    0x08003704   0x08003704   0x00000020   Code   RO         3295    i.OLED_WriteCommand  oled.o
    0x08003724   0x08003724   0x0000002e   Code   RO         3296    i.OLED_WriteData    oled.o
    0x08003752   0x08003752   0x00000002   PAD
    0x08003754   0x08003754   0x0000009c   Code   RO         3691    i.PWM_Init          pwm.o
    0x080037f0   0x080037f0   0x00000010   Code   RO         3692    i.PWM_SetCompare1   pwm.o
    0x08003800   0x08003800   0x00000010   Code   RO         3693    i.PWM_SetCompare2   pwm.o
    0x08003810   0x08003810   0x00000002   Code   RO         3875    i.PendSV_Handler    stm32f10x_it.o
    0x08003812   0x08003812   0x00000002   PAD
    0x08003814   0x08003814   0x00000020   Code   RO         1775    i.RCC_APB1PeriphClockCmd  stm32f10x_rcc.o
    0x08003834   0x08003834   0x00000020   Code   RO         1777    i.RCC_APB2PeriphClockCmd  stm32f10x_rcc.o
    0x08003854   0x08003854   0x000000d4   Code   RO         1785    i.RCC_GetClocksFreq  stm32f10x_rcc.o
    0x08003928   0x08003928   0x00000002   Code   RO         3876    i.SVC_Handler       stm32f10x_it.o
    0x0800392a   0x0800392a   0x00000002   PAD
    0x0800392c   0x0800392c   0x000000b8   Code   RO         3735    i.Serial_Init       serial.o
    0x080039e4   0x080039e4   0x00000008   Code   RO           24    i.SetSysClock       system_stm32f10x.o
    0x080039ec   0x080039ec   0x000000e0   Code   RO           25    i.SetSysClockTo72   system_stm32f10x.o
    0x08003acc   0x08003acc   0x00000002   Code   RO         3877    i.SysTick_Handler   stm32f10x_it.o
    0x08003ace   0x08003ace   0x00000002   PAD
    0x08003ad0   0x08003ad0   0x00000060   Code   RO           27    i.SystemInit        system_stm32f10x.o
    0x08003b30   0x08003b30   0x00000080   Code   RO         2405    i.TI1_Config        stm32f10x_tim.o
    0x08003bb0   0x08003bb0   0x00000098   Code   RO         2406    i.TI2_Config        stm32f10x_tim.o
    0x08003c48   0x08003c48   0x00000090   Code   RO         2407    i.TI3_Config        stm32f10x_tim.o
    0x08003cd8   0x08003cd8   0x00000098   Code   RO         2408    i.TI4_Config        stm32f10x_tim.o
    0x08003d70   0x08003d70   0x000003c4   Code   RO         3954    i.TIM1_UP_IRQHandler  main.o
    0x08004134   0x08004134   0x00000006   Code   RO         2415    i.TIM_ClearFlag     stm32f10x_tim.o
    0x0800413a   0x0800413a   0x00000006   Code   RO         2416    i.TIM_ClearITPendingBit  stm32f10x_tim.o
    0x08004140   0x08004140   0x00000018   Code   RO         2421    i.TIM_Cmd           stm32f10x_tim.o
    0x08004158   0x08004158   0x00000042   Code   RO         2430    i.TIM_EncoderInterfaceConfig  stm32f10x_tim.o
    0x0800419a   0x0800419a   0x00000006   Code   RO         2440    i.TIM_GetCounter    stm32f10x_tim.o
    0x080041a0   0x080041a0   0x00000022   Code   RO         2442    i.TIM_GetITStatus   stm32f10x_tim.o
    0x080041c2   0x080041c2   0x00000002   PAD
    0x080041c4   0x080041c4   0x000000ac   Code   RO         2444    i.TIM_ICInit        stm32f10x_tim.o
    0x08004270   0x08004270   0x00000012   Code   RO         2445    i.TIM_ICStructInit  stm32f10x_tim.o
    0x08004282   0x08004282   0x00000012   Code   RO         2446    i.TIM_ITConfig      stm32f10x_tim.o
    0x08004294   0x08004294   0x0000000c   Code   RO         2448    i.TIM_InternalClockConfig  stm32f10x_tim.o
    0x080042a0   0x080042a0   0x00000098   Code   RO         2450    i.TIM_OC1Init       stm32f10x_tim.o
    0x08004338   0x08004338   0x000000a4   Code   RO         2455    i.TIM_OC2Init       stm32f10x_tim.o
    0x080043dc   0x080043dc   0x00000014   Code   RO         2468    i.TIM_OCStructInit  stm32f10x_tim.o
    0x080043f0   0x080043f0   0x00000004   Code   RO         2482    i.TIM_SetCompare1   stm32f10x_tim.o
    0x080043f4   0x080043f4   0x00000004   Code   RO         2483    i.TIM_SetCompare2   stm32f10x_tim.o
    0x080043f8   0x080043f8   0x00000004   Code   RO         2486    i.TIM_SetCounter    stm32f10x_tim.o
    0x080043fc   0x080043fc   0x00000012   Code   RO         2487    i.TIM_SetIC1Prescaler  stm32f10x_tim.o
    0x0800440e   0x0800440e   0x0000001a   Code   RO         2488    i.TIM_SetIC2Prescaler  stm32f10x_tim.o
    0x08004428   0x08004428   0x00000012   Code   RO         2489    i.TIM_SetIC3Prescaler  stm32f10x_tim.o
    0x0800443a   0x0800443a   0x0000001a   Code   RO         2490    i.TIM_SetIC4Prescaler  stm32f10x_tim.o
    0x08004454   0x08004454   0x000000a4   Code   RO         2492    i.TIM_TimeBaseInit  stm32f10x_tim.o
    0x080044f8   0x080044f8   0x0000007c   Code   RO         3220    i.Timer_Init        timer.o
    0x08004574   0x08004574   0x00000038   Code   RO         3742    i.USART1_IRQHandler  serial.o
    0x080045ac   0x080045ac   0x0000008c   Code   RO         3819    i.USART2_IRQHandler  blueserial.o
    0x08004638   0x08004638   0x0000001e   Code   RO         2957    i.USART_ClearITPendingBit  stm32f10x_usart.o
    0x08004656   0x08004656   0x00000018   Code   RO         2960    i.USART_Cmd         stm32f10x_usart.o
    0x0800466e   0x0800466e   0x0000001a   Code   RO         2963    i.USART_GetFlagStatus  stm32f10x_usart.o
    0x08004688   0x08004688   0x00000054   Code   RO         2964    i.USART_GetITStatus  stm32f10x_usart.o
    0x080046dc   0x080046dc   0x0000004a   Code   RO         2966    i.USART_ITConfig    stm32f10x_usart.o
    0x08004726   0x08004726   0x00000002   PAD
    0x08004728   0x08004728   0x000000d8   Code   RO         2967    i.USART_Init        stm32f10x_usart.o
    0x08004800   0x08004800   0x0000000a   Code   RO         2974    i.USART_ReceiveData  stm32f10x_usart.o
    0x0800480a   0x0800480a   0x00000008   Code   RO         2977    i.USART_SendData    stm32f10x_usart.o
    0x08004812   0x08004812   0x00000004   Code   RO         3878    i.UsageFault_Handler  stm32f10x_it.o
    0x08004816   0x08004816   0x00000028   Code   RO         4312    i.__ARM_fpclassify  m_ws.l(fpclassify.o)
    0x0800483e   0x0800483e   0x000000aa   Code   RO         4314    i.__kernel_poly     m_ws.l(poly.o)
    0x080048e8   0x080048e8   0x00000006   Code   RO         4243    i.__mathlib_dbl_infnan  m_ws.l(dunder.o)
    0x080048ee   0x080048ee   0x00000004   Code   RO         4244    i.__mathlib_dbl_infnan2  m_ws.l(dunder.o)
    0x080048f2   0x080048f2   0x0000000e   Code   RO         4246    i.__mathlib_dbl_overflow  m_ws.l(dunder.o)
    0x08004900   0x08004900   0x00000010   Code   RO         4248    i.__mathlib_dbl_underflow  m_ws.l(dunder.o)
    0x08004910   0x08004910   0x00000010   Code   RO         4432    i.__mathlib_narrow  m_ws.l(narrow.o)
    0x08004920   0x08004920   0x000000bc   Code   RO         4433    i.__mathlib_tofloat  m_ws.l(narrow.o)
    0x080049dc   0x080049dc   0x00000016   Code   RO         4477    i.__support_ldexp   m_ws.l(ldexp.o)
    0x080049f2   0x080049f2   0x0000000e   Code   RO         4170    i._is_digit         c_w.l(__printf_wp.o)
    0x08004a00   0x08004a00   0x00000220   Code   RO         4233    i.atan              m_ws.l(atan.o)
    0x08004c20   0x08004c20   0x00000180   Code   RO         4091    i.atan2             m_ws.l(atan2.o)
    0x08004da0   0x08004da0   0x0000002a   Code   RO         4099    i.atof              m_ws.l(atof.o)
    0x08004dca   0x08004dca   0x00000002   PAD
    0x08004dcc   0x08004dcc   0x00000058   Code   RO         4458    i.frexp             m_ws.l(frexp.o)
    0x08004e24   0x08004e24   0x00000074   Code   RO         4478    i.ldexp             m_ws.l(ldexp.o)
    0x08004e98   0x08004e98   0x0000047c   Code   RO         3955    i.main              main.o
    0x08005314   0x08005314   0x00000010   Code   RO         3933    i.pid_init          pid.o
    0x08005324   0x08005324   0x00000084   Code   RO         3934    i.pid_update        pid.o
    0x080053a8   0x080053a8   0x0000002c   Code   RO         4302    locale$$code        c_w.l(lc_numeric_c.o)
    0x080053d4   0x080053d4   0x0000002c   Code   RO         4355    locale$$code        c_w.l(lc_ctype_c.o)
    0x08005400   0x08005400   0x00000062   Code   RO         4032    x$fpl$d2f           fz_ws.l(d2f.o)
    0x08005462   0x08005462   0x00000002   PAD
    0x08005464   0x08005464   0x00000150   Code   RO         4034    x$fpl$dadd          fz_ws.l(daddsub_clz.o)
    0x080055b4   0x080055b4   0x00000010   Code   RO         4410    x$fpl$dcheck1       fz_ws.l(dcheck1.o)
    0x080055c4   0x080055c4   0x00000018   Code   RO         4209    x$fpl$dcmpinf       fz_ws.l(dcmpi.o)
    0x080055dc   0x080055dc   0x000002b0   Code   RO         4041    x$fpl$ddiv          fz_ws.l(ddiv.o)
    0x0800588c   0x0800588c   0x00000078   Code   RO         4453    x$fpl$deqf          fz_ws.l(deqf.o)
    0x08005904   0x08005904   0x0000002e   Code   RO         4053    x$fpl$dflt          fz_ws.l(dflt_clz.o)
    0x08005932   0x08005932   0x00000002   PAD
    0x08005934   0x08005934   0x00000078   Code   RO         4058    x$fpl$dleqf         fz_ws.l(dleqf.o)
    0x080059ac   0x080059ac   0x00000154   Code   RO         4060    x$fpl$dmul          fz_ws.l(dmul.o)
    0x08005b00   0x08005b00   0x0000009c   Code   RO         4211    x$fpl$dnaninf       fz_ws.l(dnaninf.o)
    0x08005b9c   0x08005b9c   0x0000000c   Code   RO         4213    x$fpl$dretinf       fz_ws.l(dretinf.o)
    0x08005ba8   0x08005ba8   0x0000006c   Code   RO         4062    x$fpl$drleqf        fz_ws.l(drleqf.o)
    0x08005c14   0x08005c14   0x00000016   Code   RO         4035    x$fpl$drsb          fz_ws.l(daddsub_clz.o)
    0x08005c2a   0x08005c2a   0x00000002   PAD
    0x08005c2c   0x08005c2c   0x000001d4   Code   RO         4036    x$fpl$dsub          fz_ws.l(daddsub_clz.o)
    0x08005e00   0x08005e00   0x00000056   Code   RO         4064    x$fpl$f2d           fz_ws.l(f2d.o)
    0x08005e56   0x08005e56   0x00000002   PAD
    0x08005e58   0x08005e58   0x000000c4   Code   RO         4066    x$fpl$fadd          fz_ws.l(faddsub_clz.o)
    0x08005f1c   0x08005f1c   0x00000018   Code   RO         4217    x$fpl$fcmpinf       fz_ws.l(fcmpi.o)
    0x08005f34   0x08005f34   0x00000068   Code   RO         4072    x$fpl$feqf          fz_ws.l(feqf.o)
    0x08005f9c   0x08005f9c   0x0000003e   Code   RO         4074    x$fpl$ffixu         fz_ws.l(ffixu.o)
    0x08005fda   0x08005fda   0x00000002   PAD
    0x08005fdc   0x08005fdc   0x00000068   Code   RO         4084    x$fpl$fleqf         fz_ws.l(fleqf.o)
    0x08006044   0x08006044   0x00000102   Code   RO         4086    x$fpl$fmul          fz_ws.l(fmul.o)
    0x08006146   0x08006146   0x0000008c   Code   RO         4219    x$fpl$fnaninf       fz_ws.l(fnaninf.o)
    0x080061d2   0x080061d2   0x0000000a   Code   RO         4221    x$fpl$fretinf       fz_ws.l(fretinf.o)
    0x080061dc   0x080061dc   0x00000062   Code   RO         4088    x$fpl$frleqf        fz_ws.l(frleqf.o)
    0x0800623e   0x0800623e   0x00000002   PAD
    0x08006240   0x08006240   0x000000ea   Code   RO         4068    x$fpl$fsub          fz_ws.l(faddsub_clz.o)
    0x0800632a   0x0800632a   0x00000006   Code   RO         4412    x$fpl$ieeestatus    fz_ws.l(istatus.o)
    0x08006330   0x08006330   0x00000004   Code   RO         4223    x$fpl$printf1       fz_ws.l(printf1.o)
    0x08006334   0x08006334   0x00000004   Code   RO         4225    x$fpl$printf2       fz_ws.l(printf2.o)
    0x08006338   0x08006338   0x00000064   Code   RO         4424    x$fpl$retnan        fz_ws.l(retnan.o)
    0x0800639c   0x0800639c   0x0000005c   Code   RO         4308    x$fpl$scalbn        fz_ws.l(scalbn.o)
    0x080063f8   0x080063f8   0x00000004   Code   RO         4310    x$fpl$scanf1        fz_ws.l(scanf1.o)
    0x080063fc   0x080063fc   0x00000008   Code   RO         4426    x$fpl$scanf2        fz_ws.l(scanf2.o)
    0x08006404   0x08006404   0x00000030   Code   RO         4455    x$fpl$trapveneer    fz_ws.l(trapv.o)
    0x08006434   0x08006434   0x00000000   Code   RO         4231    x$fpl$usenofp       fz_ws.l(usenofp.o)
    0x08006434   0x08006434   0x0000094d   Data   RO         3508    .constdata          oled_data.o
    0x08006d81   0x08006d81   0x00000003   PAD
    0x08006d84   0x08006d84   0x00000008   Data   RO         4129    .constdata          c_w.l(_printf_wctomb.o)
    0x08006d8c   0x08006d8c   0x00000028   Data   RO         4158    .constdata          c_w.l(_printf_hex_int_ll_ptr.o)
    0x08006db4   0x08006db4   0x00000011   Data   RO         4178    .constdata          c_w.l(__printf_flags_ss_wp.o)
    0x08006dc5   0x08006dc5   0x00000003   PAD
    0x08006dc8   0x08006dc8   0x00000098   Data   RO         4234    .constdata          m_ws.l(atan.o)
    0x08006e60   0x08006e60   0x00000008   Data   RO         4256    .constdata          m_ws.l(qnan.o)
    0x08006e68   0x08006e68   0x00000026   Data   RO         4286    .constdata          c_w.l(_printf_fp_hex.o)
    0x08006e8e   0x08006e8e   0x00000002   PAD
    0x08006e90   0x08006e90   0x00000094   Data   RO         4330    .constdata          c_w.l(bigflt0.o)
    0x08006f24   0x08006f24   0x00000020   Data   RO         4537    Region$$Table       anon$$obj.o
    0x08006f44   0x08006f44   0x00000008   Data   RO         4418    c$$dinf             fz_ws.l(fpconst.o)
    0x08006f4c   0x08006f4c   0x00000008   Data   RO         4421    c$$dmax             fz_ws.l(fpconst.o)
    0x08006f54   0x08006f54   0x0000001c   Data   RO         4301    locale$$data        c_w.l(lc_numeric_c.o)
    0x08006f70   0x08006f70   0x00000110   Data   RO         4354    locale$$data        c_w.l(lc_ctype_c.o)


    Execution Region RW_IRAM1 (Exec base: 0x20000000, Load base: 0x08007080, Size: 0x00000b80, Max: 0x00005000, ABSOLUTE)

    Exec Addr    Load Addr    Size         Type   Attr      Idx    E Section Name        Object

    0x20000000   0x08007080   0x00000014   Data   RW         1805    .data               stm32f10x_rcc.o
    0x20000014   0x08007094   0x00000004   Data   RW         3524    .data               key.o
    0x20000018   0x08007098   0x00000002   Data   RW         3744    .data               serial.o
    0x2000001a   0x0800709a   0x00000003   Data   RW         3821    .data               blueserial.o
    0x2000001d   0x0800709d   0x00000003   PAD
    0x20000020   0x080070a0   0x00000098   Data   RW         3956    .data               main.o
    0x200000b8   0x08007138   0x00000004   Data   RW         4024    .data               c_w.l(strtok.o)
    0x200000bc        -       0x00000400   Zero   RW         3298    .bss                oled.o
    0x200004bc        -       0x00000064   Zero   RW         3820    .bss                blueserial.o
    0x20000520        -       0x00000060   Zero   RW         4258    .bss                c_w.l(libspace.o)
    0x20000580        -       0x00000200   Zero   RW            2    HEAP                startup_stm32f10x_md.o
    0x20000780        -       0x00000400   Zero   RW            1    STACK               startup_stm32f10x_md.o


==============================================================================

Image component sizes


      Code (inc. data)   RO Data    RW Data    ZI Data      Debug   Object Name

       414         34          0          3        100       3216   blueserial.o
         0          0          0          0          0       4500   core_cm3.o
       376         24          0          0          0       1229   encoder.o
       248         42          0          4          0       1956   key.o
        92         16          0          0          0       1138   led.o
      2112        440          0        152          0       2716   main.o
       132         22          0          0          0     204487   misc.o
       184         10          0          0          0        964   motor.o
       326          0          0          0          0       2567   mpu6050.o
       332         24          0          0          0       4318   myi2c.o
      1584         52          0          0       1024      10221   oled.o
         0          0       2381          0          0        922   oled_data.o
       148          0          0          0          0       1384   pid.o
       188          4          0          0          0       1435   pwm.o
       240         22          0          2          0       1216   serial.o
        64         26        236          0       1536        772   startup_stm32f10x_md.o
         0          0          0          0          0       1604   stm32f10x_adc.o
       314          0          0          0          0      11968   stm32f10x_gpio.o
        26          0          0          0          0       3270   stm32f10x_it.o
       276         32          0         20          0      12662   stm32f10x_rcc.o
      1538        180          0          0          0      33986   stm32f10x_tim.o
       472          6          0          0          0      11951   stm32f10x_usart.o
       328         28          0          0          0      44789   system_stm32f10x.o
       124          4          0          0          0        493   timer.o

    ----------------------------------------------------------------------
      9538        966       2652        184       2660     363764   Object Totals
         0          0         32          0          0          0   (incl. Generated)
        20          0          3          3          0          0   (incl. Padding)

    ----------------------------------------------------------------------

      Code (inc. data)   RO Data    RW Data    ZI Data      Debug   Library Member Name

         8          0          0          0          0         68   __main.o
       392          4         17          0          0         92   __printf_flags_ss_wp.o
        14          0          0          0          0         68   __printf_wp.o
         0          0          0          0          0          0   __rtentry.o
        12          0          0          0          0          0   __rtentry2.o
         6          0          0          0          0          0   __rtentry4.o
        52          8          0          0          0          0   __scatter.o
        26          0          0          0          0          0   __scatter_copy.o
        28          0          0          0          0          0   __scatter_zi.o
        28          0          0          0          0         68   _chval.o
         6          0          0          0          0          0   _printf_a.o
         6          0          0          0          0          0   _printf_c.o
        44          0          0          0          0        108   _printf_char.o
        48          6          0          0          0         96   _printf_char_common.o
        40          0          0          0          0         68   _printf_charcount.o
         6          0          0          0          0          0   _printf_d.o
       120         16          0          0          0         92   _printf_dec.o
         6          0          0          0          0          0   _printf_e.o
         6          0          0          0          0          0   _printf_f.o
      1054          0          0          0          0        216   _printf_fp_dec.o
       764          8         38          0          0        100   _printf_fp_hex.o
       128         16          0          0          0         84   _printf_fp_infnan.o
         6          0          0          0          0          0   _printf_g.o
       148          4         40          0          0        160   _printf_hex_int_ll_ptr.o
         6          0          0          0          0          0   _printf_i.o
       178          0          0          0          0         88   _printf_intcommon.o
        10          0          0          0          0          0   _printf_l.o
         6          0          0          0          0          0   _printf_lc.o
        10          0          0          0          0          0   _printf_ll.o
         6          0          0          0          0          0   _printf_lld.o
         6          0          0          0          0          0   _printf_lli.o
         6          0          0          0          0          0   _printf_llo.o
         6          0          0          0          0          0   _printf_llu.o
         6          0          0          0          0          0   _printf_llx.o
       124         16          0          0          0         92   _printf_longlong_dec.o
         6          0          0          0          0          0   _printf_ls.o
         6          0          0          0          0          0   _printf_n.o
         6          0          0          0          0          0   _printf_o.o
       112         10          0          0          0        124   _printf_oct_int_ll.o
         6          0          0          0          0          0   _printf_p.o
        78          0          0          0          0        108   _printf_pad.o
         0          0          0          0          0          0   _printf_percent.o
         4          0          0          0          0          0   _printf_percent_end.o
         6          0          0          0          0          0   _printf_s.o
        82          0          0          0          0         80   _printf_str.o
        36          0          0          0          0         84   _printf_truncate.o
         6          0          0          0          0          0   _printf_u.o
        44          0          0          0          0        108   _printf_wchar.o
       188          6          8          0          0         92   _printf_wctomb.o
         6          0          0          0          0          0   _printf_x.o
        22          0          0          0          0        100   _rserrno.o
        64          0          0          0          0         84   _sgetc.o
        10          0          0          0          0         68   _sputc.o
       158          0          0          0          0         92   _strtoul.o
        64          0          0          0          0         92   _wcrtomb.o
        26          0          0          0          0         80   atoi.o
       228          4        148          0          0         96   bigflt0.o
      2152        136          0          0          0        960   btod.o
        18          0          0          0          0         80   exit.o
         6          0          0          0          0        152   heapauxi.o
         0          0          0          0          0          0   indicate_semi.o
        18          0          0          0          0         76   isspace.o
        44         10        272          0          0         76   lc_ctype_c.o
        44         10         28          0          0         76   lc_numeric_c.o
         2          0          0          0          0          0   libinit.o
        30          0          0          0          0          0   libinit2.o
         2          0          0          0          0          0   libshutdown.o
         2          0          0          0          0          0   libshutdown2.o
         8          4          0          0         96         68   libspace.o
        38          0          0          0          0         68   llshl.o
       138          0          0          0          0         80   lludiv10.o
        16          4          0          0          0         76   rt_ctype_table.o
         8          4          0          0          0         68   rt_errno_addr_intlibspace.o
         8          4          0          0          0         68   rt_locale_intlibspace.o
         2          0          0          0          0          0   rtexit.o
        10          0          0          0          0          0   rtexit2.o
      1272         16          0          0          0        168   scanf_fp.o
       800         14          0          0          0        100   scanf_hexfp.o
       308         16          0          0          0        100   scanf_infnan.o
       128          0          0          0          0         68   strcmpv7m.o
        32          0          0          0          0         80   strcspn.o
        28          0          0          0          0         80   strspn.o
       164         14          0          0          0        120   strtod.o
        12          6          0          4          0         68   strtok.o
        68          4          0          0          0         84   strtok_int.o
       112          0          0          0          0         88   strtol.o
        12          4          0          0          0         68   sys_exit.o
        74          0          0          0          0         80   sys_stackheap_outer.o
         2          0          0          0          0         68   use_no_semi.o
        36          4          0          0          0         76   vsprintf.o
        98          4          0          0          0         92   d2f.o
       826         16          0          0          0        348   daddsub_clz.o
        16          4          0          0          0         68   dcheck1.o
        24          0          0          0          0         68   dcmpi.o
       688        140          0          0          0        208   ddiv.o
       120          4          0          0          0         92   deqf.o
        46          0          0          0          0         68   dflt_clz.o
       120          4          0          0          0         92   dleqf.o
       340         12          0          0          0        104   dmul.o
       156          4          0          0          0         92   dnaninf.o
        12          0          0          0          0         68   dretinf.o
       108          0          0          0          0         80   drleqf.o
        86          4          0          0          0         84   f2d.o
       430          8          0          0          0        168   faddsub_clz.o
        24          0          0          0          0         68   fcmpi.o
       104          4          0          0          0         84   feqf.o
        62          4          0          0          0         84   ffixu.o
       104          4          0          0          0         84   fleqf.o
       258          4          0          0          0         84   fmul.o
       140          4          0          0          0         84   fnaninf.o
         0          0         16          0          0          0   fpconst.o
        10          0          0          0          0         68   fretinf.o
        98          0          0          0          0         68   frleqf.o
         6          0          0          0          0         68   istatus.o
         4          0          0          0          0         68   printf1.o
         4          0          0          0          0         68   printf2.o
       100          0          0          0          0         68   retnan.o
        92          0          0          0          0         68   scalbn.o
         4          0          0          0          0         68   scanf1.o
         8          0          0          0          0         84   scanf2.o
        48          0          0          0          0         68   trapv.o
         0          0          0          0          0          0   usenofp.o
       544         70        152          0          0        124   atan.o
       384         38          0          0          0        144   atan2.o
        42          0          0          0          0         84   atof.o
        40          6          0          0          0        272   dunder.o
        40          0          0          0          0         68   fpclassify.o
        88          8          0          0          0         76   frexp.o
       138          0          0          0          0        160   ldexp.o
       204          4          0          0          0        168   narrow.o
       170          0          0          0          0         96   poly.o
         0          0          8          0          0          0   qnan.o

    ----------------------------------------------------------------------
     15878        694        732          4         96       9712   Library Totals
        28          0          5          0          0          0   (incl. Padding)

    ----------------------------------------------------------------------

      Code (inc. data)   RO Data    RW Data    ZI Data      Debug   Library Name

     10064        348        551          4         96       5704   c_w.l
      4136        220         16          0          0       2816   fz_ws.l
      1650        126        160          0          0       1192   m_ws.l

    ----------------------------------------------------------------------
     15878        694        732          4         96       9712   Library Totals

    ----------------------------------------------------------------------

==============================================================================


      Code (inc. data)   RO Data    RW Data    ZI Data      Debug   

     25416       1660       3384        188       2756     362292   Grand Totals
     25416       1660       3384        188       2756     362292   ELF Image Totals
     25416       1660       3384        188          0          0   ROM Totals

==============================================================================

    Total RO  Size (Code + RO Data)                28800 (  28.13kB)
    Total RW  Size (RW Data + ZI Data)              2944 (   2.88kB)
    Total ROM Size (Code + RO Data + RW Data)      28988 (  28.31kB)

==============================================================================

